proven:

  * assert property (@(posedge clk_i) disable iff (!rst_ni)  flush_i |-> ##1 flu_ready_o);
  * assert property (@(posedge clk_i) disable iff (!rst_ni)  flush_i |-> ##1 fpu_ready_o);
  * assert property (@(posedge clk_i) disable iff (!rst_ni)  flush_i |-> ##1 lsu_ready_o);
  * assert property (@(posedge clk_i) disable iff (!rst_ni)  no_st_pending_o |-> ##1 lsu_commit_ready_o);

cex:

  * assert property (@(posedge clk_i) disable iff (!rst_ni)  alu_valid_i |-> ##1 flu_ready_o);
  * assert property (@(posedge clk_i) disable iff (!rst_ni)  alu_valid_i |-> ##1 fpu_ready_o);
  * assert property (@(posedge clk_i) disable iff (!rst_ni)  alu_valid_i |-> ##1 ld_st_priv_lvl_i[0]);
  * assert property (@(posedge clk_i) disable iff (!rst_ni)  alu_valid_i |-> ##1 ld_st_priv_lvl_i[1]);
  * assert property (@(posedge clk_i) disable iff (!rst_ni)  alu_valid_i |-> ##1 lsu_commit_ready_o);
  * assert property (@(posedge clk_i) disable iff (!rst_ni)  alu_valid_i |-> ##1 lsu_ready_o);
  * assert property (@(posedge clk_i) disable iff (!rst_ni)  alu_valid_i |-> ##1 no_st_pending_o);
  * assert property (@(posedge clk_i) disable iff (!rst_ni)  alu_valid_i |-> ##1 priv_lvl_i[0]);
  * assert property (@(posedge clk_i) disable iff (!rst_ni)  alu_valid_i |-> ##1 priv_lvl_i[1]);
  * assert property (@(posedge clk_i) disable iff (!rst_ni)  branch_valid_i |-> ##1 dcache_wbuffer_empty_i);
  * assert property (@(posedge clk_i) disable iff (!rst_ni)  branch_valid_i |-> ##1 flu_ready_o);
  * assert property (@(posedge clk_i) disable iff (!rst_ni)  branch_valid_i |-> ##1 fpu_ready_o);
  * assert property (@(posedge clk_i) disable iff (!rst_ni)  branch_valid_i |-> ##1 ld_st_priv_lvl_i[0]);
  * assert property (@(posedge clk_i) disable iff (!rst_ni)  branch_valid_i |-> ##1 ld_st_priv_lvl_i[1]);
  * assert property (@(posedge clk_i) disable iff (!rst_ni)  branch_valid_i |-> ##1 lsu_commit_ready_o);
  * assert property (@(posedge clk_i) disable iff (!rst_ni)  branch_valid_i |-> ##1 lsu_ready_o);
  * assert property (@(posedge clk_i) disable iff (!rst_ni)  branch_valid_i |-> ##1 no_st_pending_o);
  * assert property (@(posedge clk_i) disable iff (!rst_ni)  branch_valid_i |-> ##1 priv_lvl_i[0]);
  * assert property (@(posedge clk_i) disable iff (!rst_ni)  branch_valid_i |-> ##1 priv_lvl_i[1]);
  * assert property (@(posedge clk_i) disable iff (!rst_ni)  csr_buffer_i.csr_reg_q.valid |-> ##1 flu_ready_o);
  * assert property (@(posedge clk_i) disable iff (!rst_ni)  csr_buffer_i.csr_reg_q.valid |-> ##1 fpu_ready_o);
  * assert property (@(posedge clk_i) disable iff (!rst_ni)  csr_buffer_i.csr_reg_q.valid |-> ##1 ld_st_priv_lvl_i[0]);
  * assert property (@(posedge clk_i) disable iff (!rst_ni)  csr_buffer_i.csr_reg_q.valid |-> ##1 ld_st_priv_lvl_i[1]);
  * assert property (@(posedge clk_i) disable iff (!rst_ni)  csr_buffer_i.csr_reg_q.valid |-> ##1 lsu_commit_ready_o);
  * assert property (@(posedge clk_i) disable iff (!rst_ni)  csr_buffer_i.csr_reg_q.valid |-> ##1 lsu_ready_o);
  * assert property (@(posedge clk_i) disable iff (!rst_ni)  csr_buffer_i.csr_reg_q.valid |-> ##1 no_st_pending_o);
  * assert property (@(posedge clk_i) disable iff (!rst_ni)  csr_buffer_i.csr_reg_q.valid |-> ##1 priv_lvl_i[0]);
  * assert property (@(posedge clk_i) disable iff (!rst_ni)  csr_buffer_i.csr_reg_q.valid |-> ##1 priv_lvl_i[1]);
  * assert property (@(posedge clk_i) disable iff (!rst_ni)  csr_commit_i |-> ##1 flu_ready_o);
  * assert property (@(posedge clk_i) disable iff (!rst_ni)  csr_commit_i |-> ##1 fpu_ready_o);
  * assert property (@(posedge clk_i) disable iff (!rst_ni)  csr_commit_i |-> ##1 ld_st_priv_lvl_i[0]);
  * assert property (@(posedge clk_i) disable iff (!rst_ni)  csr_commit_i |-> ##1 ld_st_priv_lvl_i[1]);
  * assert property (@(posedge clk_i) disable iff (!rst_ni)  csr_commit_i |-> ##1 lsu_commit_ready_o);
  * assert property (@(posedge clk_i) disable iff (!rst_ni)  csr_commit_i |-> ##1 lsu_ready_o);
  * assert property (@(posedge clk_i) disable iff (!rst_ni)  csr_commit_i |-> ##1 no_st_pending_o);
  * assert property (@(posedge clk_i) disable iff (!rst_ni)  csr_commit_i |-> ##1 priv_lvl_i[0]);
  * assert property (@(posedge clk_i) disable iff (!rst_ni)  csr_commit_i |-> ##1 priv_lvl_i[1]);
  * assert property (@(posedge clk_i) disable iff (!rst_ni)  csr_valid_i |-> ##1 csr_buffer_i.csr_reg_q.valid);
  * assert property (@(posedge clk_i) disable iff (!rst_ni)  csr_valid_i |-> ##1 csr_commit_i);
  * assert property (@(posedge clk_i) disable iff (!rst_ni)  csr_valid_i |-> ##1 fpu_ready_o);
  * assert property (@(posedge clk_i) disable iff (!rst_ni)  csr_valid_i |-> ##1 ld_st_priv_lvl_i[0]);
  * assert property (@(posedge clk_i) disable iff (!rst_ni)  csr_valid_i |-> ##1 ld_st_priv_lvl_i[1]);
  * assert property (@(posedge clk_i) disable iff (!rst_ni)  csr_valid_i |-> ##1 lsu_commit_ready_o);
  * assert property (@(posedge clk_i) disable iff (!rst_ni)  csr_valid_i |-> ##1 lsu_ready_o);
  * assert property (@(posedge clk_i) disable iff (!rst_ni)  csr_valid_i |-> ##1 no_st_pending_o);
  * assert property (@(posedge clk_i) disable iff (!rst_ni)  csr_valid_i |-> ##1 priv_lvl_i[0]);
  * assert property (@(posedge clk_i) disable iff (!rst_ni)  csr_valid_i |-> ##1 priv_lvl_i[1]);
  * assert property (@(posedge clk_i) disable iff (!rst_ni)  dcache_req_ports_i[1].data_gnt |-> ##1 dcache_wbuffer_empty_i);
  * assert property (@(posedge clk_i) disable iff (!rst_ni)  dcache_req_ports_i[1].data_gnt |-> ##1 debug_mode_i);
  * assert property (@(posedge clk_i) disable iff (!rst_ni)  dcache_req_ports_i[1].data_gnt |-> ##1 flu_ready_o);
  * assert property (@(posedge clk_i) disable iff (!rst_ni)  dcache_req_ports_i[1].data_gnt |-> ##1 fpu_ready_o);
  * assert property (@(posedge clk_i) disable iff (!rst_ni)  dcache_req_ports_i[1].data_gnt |-> ##1 ld_st_priv_lvl_i[0]);
  * assert property (@(posedge clk_i) disable iff (!rst_ni)  dcache_req_ports_i[1].data_gnt |-> ##1 ld_st_priv_lvl_i[1]);
  * assert property (@(posedge clk_i) disable iff (!rst_ni)  dcache_req_ports_i[1].data_gnt |-> ##1 lsu_commit_ready_o);
  * assert property (@(posedge clk_i) disable iff (!rst_ni)  dcache_req_ports_i[1].data_gnt |-> ##1 lsu_ready_o);
  * assert property (@(posedge clk_i) disable iff (!rst_ni)  dcache_req_ports_i[1].data_gnt |-> ##1 no_st_pending_o);
  * assert property (@(posedge clk_i) disable iff (!rst_ni)  dcache_req_ports_i[1].data_gnt |-> ##1 priv_lvl_i[0]);
  * assert property (@(posedge clk_i) disable iff (!rst_ni)  dcache_req_ports_i[1].data_gnt |-> ##1 priv_lvl_i[1]);
  * assert property (@(posedge clk_i) disable iff (!rst_ni)  dcache_req_ports_i[1].data_rvalid |-> ##1 dcache_wbuffer_empty_i);
  * assert property (@(posedge clk_i) disable iff (!rst_ni)  dcache_req_ports_i[1].data_rvalid |-> ##1 debug_mode_i);
  * assert property (@(posedge clk_i) disable iff (!rst_ni)  dcache_req_ports_i[1].data_rvalid |-> ##1 flu_ready_o);
  * assert property (@(posedge clk_i) disable iff (!rst_ni)  dcache_req_ports_i[1].data_rvalid |-> ##1 fpu_ready_o);
  * assert property (@(posedge clk_i) disable iff (!rst_ni)  dcache_req_ports_i[1].data_rvalid |-> ##1 ld_st_priv_lvl_i[0]);
  * assert property (@(posedge clk_i) disable iff (!rst_ni)  dcache_req_ports_i[1].data_rvalid |-> ##1 ld_st_priv_lvl_i[1]);
  * assert property (@(posedge clk_i) disable iff (!rst_ni)  dcache_req_ports_i[1].data_rvalid |-> ##1 load_valid_o);
  * assert property (@(posedge clk_i) disable iff (!rst_ni)  dcache_req_ports_i[1].data_rvalid |-> ##1 lsu_commit_ready_o);
  * assert property (@(posedge clk_i) disable iff (!rst_ni)  dcache_req_ports_i[1].data_rvalid |-> ##1 lsu_ready_o);
  * assert property (@(posedge clk_i) disable iff (!rst_ni)  dcache_req_ports_i[1].data_rvalid |-> ##1 no_st_pending_o);
  * assert property (@(posedge clk_i) disable iff (!rst_ni)  dcache_req_ports_i[1].data_rvalid |-> ##1 priv_lvl_i[0]);
  * assert property (@(posedge clk_i) disable iff (!rst_ni)  dcache_req_ports_i[1].data_rvalid |-> ##1 priv_lvl_i[1]);
  * assert property (@(posedge clk_i) disable iff (!rst_ni)  dcache_req_ports_i[2].data_gnt |-> ##1 debug_mode_i);
  * assert property (@(posedge clk_i) disable iff (!rst_ni)  dcache_req_ports_i[2].data_gnt |-> ##1 flu_ready_o);
  * assert property (@(posedge clk_i) disable iff (!rst_ni)  dcache_req_ports_i[2].data_gnt |-> ##1 fpu_ready_o);
  * assert property (@(posedge clk_i) disable iff (!rst_ni)  dcache_req_ports_i[2].data_gnt |-> ##1 ld_st_priv_lvl_i[0]);
  * assert property (@(posedge clk_i) disable iff (!rst_ni)  dcache_req_ports_i[2].data_gnt |-> ##1 ld_st_priv_lvl_i[1]);
  * assert property (@(posedge clk_i) disable iff (!rst_ni)  dcache_req_ports_i[2].data_gnt |-> ##1 lsu_commit_ready_o);
  * assert property (@(posedge clk_i) disable iff (!rst_ni)  dcache_req_ports_i[2].data_gnt |-> ##1 lsu_ready_o);
  * assert property (@(posedge clk_i) disable iff (!rst_ni)  dcache_req_ports_i[2].data_gnt |-> ##1 no_st_pending_o);
  * assert property (@(posedge clk_i) disable iff (!rst_ni)  dcache_req_ports_i[2].data_gnt |-> ##1 priv_lvl_i[0]);
  * assert property (@(posedge clk_i) disable iff (!rst_ni)  dcache_req_ports_i[2].data_gnt |-> ##1 priv_lvl_i[1]);
  * assert property (@(posedge clk_i) disable iff (!rst_ni)  dcache_wbuffer_empty_i |-> ##1 fpu_ready_o);
  * assert property (@(posedge clk_i) disable iff (!rst_ni)  dcache_wbuffer_empty_i |-> ##1 ld_st_priv_lvl_i[0]);
  * assert property (@(posedge clk_i) disable iff (!rst_ni)  dcache_wbuffer_empty_i |-> ##1 ld_st_priv_lvl_i[1]);
  * assert property (@(posedge clk_i) disable iff (!rst_ni)  dcache_wbuffer_empty_i |-> ##1 lsu_commit_ready_o);
  * assert property (@(posedge clk_i) disable iff (!rst_ni)  dcache_wbuffer_empty_i |-> ##1 lsu_ready_o);
  * assert property (@(posedge clk_i) disable iff (!rst_ni)  dcache_wbuffer_empty_i |-> ##1 priv_lvl_i[0]);
  * assert property (@(posedge clk_i) disable iff (!rst_ni)  dcache_wbuffer_empty_i |-> ##1 priv_lvl_i[1]);
  * assert property (@(posedge clk_i) disable iff (!rst_ni)  debug_mode_i |-> ##1 debug_mode_i);
  * assert property (@(posedge clk_i) disable iff (!rst_ni)  debug_mode_i |-> ##1 fpu_ready_o);
  * assert property (@(posedge clk_i) disable iff (!rst_ni)  debug_mode_i |-> ##1 ld_st_priv_lvl_i[0]);
  * assert property (@(posedge clk_i) disable iff (!rst_ni)  debug_mode_i |-> ##1 ld_st_priv_lvl_i[1]);
  * assert property (@(posedge clk_i) disable iff (!rst_ni)  debug_mode_i |-> ##1 lsu_commit_ready_o);
  * assert property (@(posedge clk_i) disable iff (!rst_ni)  debug_mode_i |-> ##1 lsu_ready_o);
  * assert property (@(posedge clk_i) disable iff (!rst_ni)  debug_mode_i |-> ##1 priv_lvl_i[0]);
  * assert property (@(posedge clk_i) disable iff (!rst_ni)  debug_mode_i |-> ##1 priv_lvl_i[1]);
  * assert property (@(posedge clk_i) disable iff (!rst_ni)  flu_ready_o |-> ##1 fpu_ready_o);
  * assert property (@(posedge clk_i) disable iff (!rst_ni)  flu_ready_o |-> ##1 ld_st_priv_lvl_i[0]);
  * assert property (@(posedge clk_i) disable iff (!rst_ni)  flu_ready_o |-> ##1 ld_st_priv_lvl_i[1]);
  * assert property (@(posedge clk_i) disable iff (!rst_ni)  flu_ready_o |-> ##1 lsu_commit_ready_o);
  * assert property (@(posedge clk_i) disable iff (!rst_ni)  flu_ready_o |-> ##1 lsu_ready_o);
  * assert property (@(posedge clk_i) disable iff (!rst_ni)  flu_ready_o |-> ##1 priv_lvl_i[0]);
  * assert property (@(posedge clk_i) disable iff (!rst_ni)  flu_ready_o |-> ##1 priv_lvl_i[1]);
  * assert property (@(posedge clk_i) disable iff (!rst_ni)  flu_valid_o |-> ##1 fpu_ready_o);
  * assert property (@(posedge clk_i) disable iff (!rst_ni)  flu_valid_o |-> ##1 ld_st_priv_lvl_i[0]);
  * assert property (@(posedge clk_i) disable iff (!rst_ni)  flu_valid_o |-> ##1 ld_st_priv_lvl_i[1]);
  * assert property (@(posedge clk_i) disable iff (!rst_ni)  flu_valid_o |-> ##1 lsu_commit_ready_o);
  * assert property (@(posedge clk_i) disable iff (!rst_ni)  flu_valid_o |-> ##1 lsu_ready_o);
  * assert property (@(posedge clk_i) disable iff (!rst_ni)  flu_valid_o |-> ##1 no_st_pending_o);
  * assert property (@(posedge clk_i) disable iff (!rst_ni)  flu_valid_o |-> ##1 priv_lvl_i[0]);
  * assert property (@(posedge clk_i) disable iff (!rst_ni)  flu_valid_o |-> ##1 priv_lvl_i[1]);
  * assert property (@(posedge clk_i) disable iff (!rst_ni)  flush_i |-> ##1 dcache_wbuffer_empty_i);
  * assert property (@(posedge clk_i) disable iff (!rst_ni)  flush_i |-> ##1 ld_st_priv_lvl_i[0]);
  * assert property (@(posedge clk_i) disable iff (!rst_ni)  flush_i |-> ##1 ld_st_priv_lvl_i[1]);
  * assert property (@(posedge clk_i) disable iff (!rst_ni)  flush_i |-> ##1 lsu_commit_ready_o);
  * assert property (@(posedge clk_i) disable iff (!rst_ni)  flush_i |-> ##1 no_st_pending_o);
  * assert property (@(posedge clk_i) disable iff (!rst_ni)  flush_i |-> ##1 priv_lvl_i[0]);
  * assert property (@(posedge clk_i) disable iff (!rst_ni)  flush_i |-> ##1 priv_lvl_i[1]);
  * assert property (@(posedge clk_i) disable iff (!rst_ni)  fpu_ready_o |-> ##1 fpu_ready_o);
  * assert property (@(posedge clk_i) disable iff (!rst_ni)  fpu_ready_o |-> ##1 ld_st_priv_lvl_i[0]);
  * assert property (@(posedge clk_i) disable iff (!rst_ni)  fpu_ready_o |-> ##1 ld_st_priv_lvl_i[1]);
  * assert property (@(posedge clk_i) disable iff (!rst_ni)  fpu_ready_o |-> ##1 lsu_commit_ready_o);
  * assert property (@(posedge clk_i) disable iff (!rst_ni)  fpu_ready_o |-> ##1 lsu_ready_o);
  * assert property (@(posedge clk_i) disable iff (!rst_ni)  fpu_ready_o |-> ##1 priv_lvl_i[0]);
  * assert property (@(posedge clk_i) disable iff (!rst_ni)  fpu_ready_o |-> ##1 priv_lvl_i[1]);
  * assert property (@(posedge clk_i) disable iff (!rst_ni)  fpu_valid_i |-> ##1 dcache_wbuffer_empty_i);
  * assert property (@(posedge clk_i) disable iff (!rst_ni)  fpu_valid_i |-> ##1 flu_ready_o);
  * assert property (@(posedge clk_i) disable iff (!rst_ni)  fpu_valid_i |-> ##1 fpu_ready_o);
  * assert property (@(posedge clk_i) disable iff (!rst_ni)  fpu_valid_i |-> ##1 ld_st_priv_lvl_i[0]);
  * assert property (@(posedge clk_i) disable iff (!rst_ni)  fpu_valid_i |-> ##1 ld_st_priv_lvl_i[1]);
  * assert property (@(posedge clk_i) disable iff (!rst_ni)  fpu_valid_i |-> ##1 lsu_commit_ready_o);
  * assert property (@(posedge clk_i) disable iff (!rst_ni)  fpu_valid_i |-> ##1 lsu_ready_o);
  * assert property (@(posedge clk_i) disable iff (!rst_ni)  fpu_valid_i |-> ##1 no_st_pending_o);
  * assert property (@(posedge clk_i) disable iff (!rst_ni)  fpu_valid_i |-> ##1 priv_lvl_i[0]);
  * assert property (@(posedge clk_i) disable iff (!rst_ni)  fpu_valid_i |-> ##1 priv_lvl_i[1]);
  * assert property (@(posedge clk_i) disable iff (!rst_ni)  fpu_valid_o |-> ##1 dcache_wbuffer_empty_i);
  * assert property (@(posedge clk_i) disable iff (!rst_ni)  fpu_valid_o |-> ##1 flu_ready_o);
  * assert property (@(posedge clk_i) disable iff (!rst_ni)  fpu_valid_o |-> ##1 fpu_ready_o);
  * assert property (@(posedge clk_i) disable iff (!rst_ni)  fpu_valid_o |-> ##1 ld_st_priv_lvl_i[0]);
  * assert property (@(posedge clk_i) disable iff (!rst_ni)  fpu_valid_o |-> ##1 ld_st_priv_lvl_i[1]);
  * assert property (@(posedge clk_i) disable iff (!rst_ni)  fpu_valid_o |-> ##1 lsu_commit_ready_o);
  * assert property (@(posedge clk_i) disable iff (!rst_ni)  fpu_valid_o |-> ##1 lsu_ready_o);
  * assert property (@(posedge clk_i) disable iff (!rst_ni)  fpu_valid_o |-> ##1 no_st_pending_o);
  * assert property (@(posedge clk_i) disable iff (!rst_ni)  fpu_valid_o |-> ##1 priv_lvl_i[0]);
  * assert property (@(posedge clk_i) disable iff (!rst_ni)  fpu_valid_o |-> ##1 priv_lvl_i[1]);
  * assert property (@(posedge clk_i) disable iff (!rst_ni)  i_mult.i_div.div_res_zero_q |-> ##1 fpu_ready_o);
  * assert property (@(posedge clk_i) disable iff (!rst_ni)  i_mult.i_div.div_res_zero_q |-> ##1 i_mult.i_div.div_res_zero_q);
  * assert property (@(posedge clk_i) disable iff (!rst_ni)  i_mult.i_div.div_res_zero_q |-> ##1 i_mult.i_div.rem_sel_q);
  * assert property (@(posedge clk_i) disable iff (!rst_ni)  i_mult.i_div.div_res_zero_q |-> ##1 ld_st_priv_lvl_i[0]);
  * assert property (@(posedge clk_i) disable iff (!rst_ni)  i_mult.i_div.div_res_zero_q |-> ##1 ld_st_priv_lvl_i[1]);
  * assert property (@(posedge clk_i) disable iff (!rst_ni)  i_mult.i_div.div_res_zero_q |-> ##1 priv_lvl_i[0]);
  * assert property (@(posedge clk_i) disable iff (!rst_ni)  i_mult.i_div.div_res_zero_q |-> ##1 priv_lvl_i[1]);
  * assert property (@(posedge clk_i) disable iff (!rst_ni)  i_mult.i_div.rem_sel_q |-> ##1 fpu_ready_o);
  * assert property (@(posedge clk_i) disable iff (!rst_ni)  i_mult.i_div.rem_sel_q |-> ##1 i_mult.i_div.div_res_zero_q);
  * assert property (@(posedge clk_i) disable iff (!rst_ni)  i_mult.i_div.rem_sel_q |-> ##1 i_mult.i_div.rem_sel_q);
  * assert property (@(posedge clk_i) disable iff (!rst_ni)  i_mult.i_div.rem_sel_q |-> ##1 ld_st_priv_lvl_i[0]);
  * assert property (@(posedge clk_i) disable iff (!rst_ni)  i_mult.i_div.rem_sel_q |-> ##1 ld_st_priv_lvl_i[1]);
  * assert property (@(posedge clk_i) disable iff (!rst_ni)  i_mult.i_div.rem_sel_q |-> ##1 priv_lvl_i[0]);
  * assert property (@(posedge clk_i) disable iff (!rst_ni)  i_mult.i_div.rem_sel_q |-> ##1 priv_lvl_i[1]);
  * assert property (@(posedge clk_i) disable iff (!rst_ni)  i_mult.i_div.state_q[0] |-> ##1 dcache_wbuffer_empty_i);
  * assert property (@(posedge clk_i) disable iff (!rst_ni)  i_mult.i_div.state_q[0] |-> ##1 flu_ready_o);
  * assert property (@(posedge clk_i) disable iff (!rst_ni)  i_mult.i_div.state_q[0] |-> ##1 fpu_ready_o);
  * assert property (@(posedge clk_i) disable iff (!rst_ni)  i_mult.i_div.state_q[0] |-> ##1 i_mult.i_div.div_res_zero_q);
  * assert property (@(posedge clk_i) disable iff (!rst_ni)  i_mult.i_div.state_q[0] |-> ##1 i_mult.i_div.rem_sel_q);
  * assert property (@(posedge clk_i) disable iff (!rst_ni)  i_mult.i_div.state_q[0] |-> ##1 ld_st_priv_lvl_i[0]);
  * assert property (@(posedge clk_i) disable iff (!rst_ni)  i_mult.i_div.state_q[0] |-> ##1 ld_st_priv_lvl_i[1]);
  * assert property (@(posedge clk_i) disable iff (!rst_ni)  i_mult.i_div.state_q[0] |-> ##1 lsu_commit_ready_o);
  * assert property (@(posedge clk_i) disable iff (!rst_ni)  i_mult.i_div.state_q[0] |-> ##1 lsu_i.lsu_bypass_i.read_pointer_q);
  * assert property (@(posedge clk_i) disable iff (!rst_ni)  i_mult.i_div.state_q[0] |-> ##1 lsu_i.lsu_bypass_i.write_pointer_q);
  * assert property (@(posedge clk_i) disable iff (!rst_ni)  i_mult.i_div.state_q[0] |-> ##1 lsu_ready_o);
  * assert property (@(posedge clk_i) disable iff (!rst_ni)  i_mult.i_div.state_q[0] |-> ##1 no_st_pending_o);
  * assert property (@(posedge clk_i) disable iff (!rst_ni)  i_mult.i_div.state_q[0] |-> ##1 priv_lvl_i[0]);
  * assert property (@(posedge clk_i) disable iff (!rst_ni)  i_mult.i_div.state_q[0] |-> ##1 priv_lvl_i[1]);
  * assert property (@(posedge clk_i) disable iff (!rst_ni)  i_mult.i_multiplier.mult_valid_o |-> ##1 dcache_wbuffer_empty_i);
  * assert property (@(posedge clk_i) disable iff (!rst_ni)  i_mult.i_multiplier.mult_valid_o |-> ##1 flu_ready_o);
  * assert property (@(posedge clk_i) disable iff (!rst_ni)  i_mult.i_multiplier.mult_valid_o |-> ##1 fpu_ready_o);
  * assert property (@(posedge clk_i) disable iff (!rst_ni)  i_mult.i_multiplier.mult_valid_o |-> ##1 i_mult.i_div.div_res_zero_q);
  * assert property (@(posedge clk_i) disable iff (!rst_ni)  i_mult.i_multiplier.mult_valid_o |-> ##1 i_mult.i_div.rem_sel_q);
  * assert property (@(posedge clk_i) disable iff (!rst_ni)  i_mult.i_multiplier.mult_valid_o |-> ##1 i_mult.word_op_q);
  * assert property (@(posedge clk_i) disable iff (!rst_ni)  i_mult.i_multiplier.mult_valid_o |-> ##1 is_compressed_instr_i);
  * assert property (@(posedge clk_i) disable iff (!rst_ni)  i_mult.i_multiplier.mult_valid_o |-> ##1 ld_st_priv_lvl_i[0]);
  * assert property (@(posedge clk_i) disable iff (!rst_ni)  i_mult.i_multiplier.mult_valid_o |-> ##1 ld_st_priv_lvl_i[1]);
  * assert property (@(posedge clk_i) disable iff (!rst_ni)  i_mult.i_multiplier.mult_valid_o |-> ##1 lsu_commit_ready_o);
  * assert property (@(posedge clk_i) disable iff (!rst_ni)  i_mult.i_multiplier.mult_valid_o |-> ##1 lsu_ready_o);
  * assert property (@(posedge clk_i) disable iff (!rst_ni)  i_mult.i_multiplier.mult_valid_o |-> ##1 no_st_pending_o);
  * assert property (@(posedge clk_i) disable iff (!rst_ni)  i_mult.i_multiplier.mult_valid_o |-> ##1 priv_lvl_i[0]);
  * assert property (@(posedge clk_i) disable iff (!rst_ni)  i_mult.i_multiplier.mult_valid_o |-> ##1 priv_lvl_i[1]);
  * assert property (@(posedge clk_i) disable iff (!rst_ni)  i_mult.mul_valid |-> ##1 dcache_wbuffer_empty_i);
  * assert property (@(posedge clk_i) disable iff (!rst_ni)  i_mult.mul_valid |-> ##1 flu_ready_o);
  * assert property (@(posedge clk_i) disable iff (!rst_ni)  i_mult.mul_valid |-> ##1 fpu_ready_o);
  * assert property (@(posedge clk_i) disable iff (!rst_ni)  i_mult.mul_valid |-> ##1 i_mult.i_div.div_res_zero_q);
  * assert property (@(posedge clk_i) disable iff (!rst_ni)  i_mult.mul_valid |-> ##1 i_mult.i_div.rem_sel_q);
  * assert property (@(posedge clk_i) disable iff (!rst_ni)  i_mult.mul_valid |-> ##1 i_mult.word_op_q);
  * assert property (@(posedge clk_i) disable iff (!rst_ni)  i_mult.mul_valid |-> ##1 is_compressed_instr_i);
  * assert property (@(posedge clk_i) disable iff (!rst_ni)  i_mult.mul_valid |-> ##1 ld_st_priv_lvl_i[0]);
  * assert property (@(posedge clk_i) disable iff (!rst_ni)  i_mult.mul_valid |-> ##1 ld_st_priv_lvl_i[1]);
  * assert property (@(posedge clk_i) disable iff (!rst_ni)  i_mult.mul_valid |-> ##1 lsu_commit_ready_o);
  * assert property (@(posedge clk_i) disable iff (!rst_ni)  i_mult.mul_valid |-> ##1 lsu_ready_o);
  * assert property (@(posedge clk_i) disable iff (!rst_ni)  i_mult.mul_valid |-> ##1 no_st_pending_o);
  * assert property (@(posedge clk_i) disable iff (!rst_ni)  i_mult.mul_valid |-> ##1 priv_lvl_i[0]);
  * assert property (@(posedge clk_i) disable iff (!rst_ni)  i_mult.mul_valid |-> ##1 priv_lvl_i[1]);
  * assert property (@(posedge clk_i) disable iff (!rst_ni)  i_mult.word_op_q |-> ##1 fpu_ready_o);
  * assert property (@(posedge clk_i) disable iff (!rst_ni)  i_mult.word_op_q |-> ##1 i_mult.i_div.div_res_zero_q);
  * assert property (@(posedge clk_i) disable iff (!rst_ni)  i_mult.word_op_q |-> ##1 i_mult.i_div.rem_sel_q);
  * assert property (@(posedge clk_i) disable iff (!rst_ni)  i_mult.word_op_q |-> ##1 i_mult.word_op_q);
  * assert property (@(posedge clk_i) disable iff (!rst_ni)  i_mult.word_op_q |-> ##1 ld_st_priv_lvl_i[0]);
  * assert property (@(posedge clk_i) disable iff (!rst_ni)  i_mult.word_op_q |-> ##1 ld_st_priv_lvl_i[1]);
  * assert property (@(posedge clk_i) disable iff (!rst_ni)  i_mult.word_op_q |-> ##1 priv_lvl_i[0]);
  * assert property (@(posedge clk_i) disable iff (!rst_ni)  i_mult.word_op_q |-> ##1 priv_lvl_i[1]);
  * assert property (@(posedge clk_i) disable iff (!rst_ni)  icache_areq_i.fetch_req |-> ##1 fpu_ready_o);
  * assert property (@(posedge clk_i) disable iff (!rst_ni)  icache_areq_i.fetch_req |-> ##1 ld_st_priv_lvl_i[0]);
  * assert property (@(posedge clk_i) disable iff (!rst_ni)  icache_areq_i.fetch_req |-> ##1 ld_st_priv_lvl_i[1]);
  * assert property (@(posedge clk_i) disable iff (!rst_ni)  icache_areq_i.fetch_req |-> ##1 lsu_commit_ready_o);
  * assert property (@(posedge clk_i) disable iff (!rst_ni)  icache_areq_i.fetch_req |-> ##1 lsu_ready_o);
  * assert property (@(posedge clk_i) disable iff (!rst_ni)  icache_areq_i.fetch_req |-> ##1 no_st_pending_o);
  * assert property (@(posedge clk_i) disable iff (!rst_ni)  icache_areq_i.fetch_req |-> ##1 priv_lvl_i[0]);
  * assert property (@(posedge clk_i) disable iff (!rst_ni)  icache_areq_i.fetch_req |-> ##1 priv_lvl_i[1]);
  * assert property (@(posedge clk_i) disable iff (!rst_ni)  is_compressed_instr_i |-> ##1 dcache_wbuffer_empty_i);
  * assert property (@(posedge clk_i) disable iff (!rst_ni)  is_compressed_instr_i |-> ##1 fpu_ready_o);
  * assert property (@(posedge clk_i) disable iff (!rst_ni)  is_compressed_instr_i |-> ##1 ld_st_priv_lvl_i[0]);
  * assert property (@(posedge clk_i) disable iff (!rst_ni)  is_compressed_instr_i |-> ##1 ld_st_priv_lvl_i[1]);
  * assert property (@(posedge clk_i) disable iff (!rst_ni)  is_compressed_instr_i |-> ##1 lsu_commit_ready_o);
  * assert property (@(posedge clk_i) disable iff (!rst_ni)  is_compressed_instr_i |-> ##1 lsu_ready_o);
  * assert property (@(posedge clk_i) disable iff (!rst_ni)  is_compressed_instr_i |-> ##1 no_st_pending_o);
  * assert property (@(posedge clk_i) disable iff (!rst_ni)  is_compressed_instr_i |-> ##1 priv_lvl_i[0]);
  * assert property (@(posedge clk_i) disable iff (!rst_ni)  is_compressed_instr_i |-> ##1 priv_lvl_i[1]);
  * assert property (@(posedge clk_i) disable iff (!rst_ni)  ld_st_priv_lvl_i[0] |-> ##1 fpu_ready_o);
  * assert property (@(posedge clk_i) disable iff (!rst_ni)  ld_st_priv_lvl_i[0] |-> ##1 ld_st_priv_lvl_i[0]);
  * assert property (@(posedge clk_i) disable iff (!rst_ni)  ld_st_priv_lvl_i[0] |-> ##1 ld_st_priv_lvl_i[1]);
  * assert property (@(posedge clk_i) disable iff (!rst_ni)  ld_st_priv_lvl_i[0] |-> ##1 lsu_commit_ready_o);
  * assert property (@(posedge clk_i) disable iff (!rst_ni)  ld_st_priv_lvl_i[0] |-> ##1 lsu_ready_o);
  * assert property (@(posedge clk_i) disable iff (!rst_ni)  ld_st_priv_lvl_i[0] |-> ##1 priv_lvl_i[0]);
  * assert property (@(posedge clk_i) disable iff (!rst_ni)  ld_st_priv_lvl_i[0] |-> ##1 priv_lvl_i[1]);
  * assert property (@(posedge clk_i) disable iff (!rst_ni)  ld_st_priv_lvl_i[1] |-> ##1 fpu_ready_o);
  * assert property (@(posedge clk_i) disable iff (!rst_ni)  ld_st_priv_lvl_i[1] |-> ##1 ld_st_priv_lvl_i[0]);
  * assert property (@(posedge clk_i) disable iff (!rst_ni)  ld_st_priv_lvl_i[1] |-> ##1 ld_st_priv_lvl_i[1]);
  * assert property (@(posedge clk_i) disable iff (!rst_ni)  ld_st_priv_lvl_i[1] |-> ##1 lsu_commit_ready_o);
  * assert property (@(posedge clk_i) disable iff (!rst_ni)  ld_st_priv_lvl_i[1] |-> ##1 lsu_ready_o);
  * assert property (@(posedge clk_i) disable iff (!rst_ni)  ld_st_priv_lvl_i[1] |-> ##1 priv_lvl_i[0]);
  * assert property (@(posedge clk_i) disable iff (!rst_ni)  ld_st_priv_lvl_i[1] |-> ##1 priv_lvl_i[1]);
  * assert property (@(posedge clk_i) disable iff (!rst_ni)  load_valid_o |-> ##1 dcache_wbuffer_empty_i);
  * assert property (@(posedge clk_i) disable iff (!rst_ni)  load_valid_o |-> ##1 debug_mode_i);
  * assert property (@(posedge clk_i) disable iff (!rst_ni)  load_valid_o |-> ##1 flu_ready_o);
  * assert property (@(posedge clk_i) disable iff (!rst_ni)  load_valid_o |-> ##1 fpu_ready_o);
  * assert property (@(posedge clk_i) disable iff (!rst_ni)  load_valid_o |-> ##1 ld_st_priv_lvl_i[0]);
  * assert property (@(posedge clk_i) disable iff (!rst_ni)  load_valid_o |-> ##1 ld_st_priv_lvl_i[1]);
  * assert property (@(posedge clk_i) disable iff (!rst_ni)  load_valid_o |-> ##1 lsu_commit_ready_o);
  * assert property (@(posedge clk_i) disable iff (!rst_ni)  load_valid_o |-> ##1 lsu_ready_o);
  * assert property (@(posedge clk_i) disable iff (!rst_ni)  load_valid_o |-> ##1 no_st_pending_o);
  * assert property (@(posedge clk_i) disable iff (!rst_ni)  load_valid_o |-> ##1 priv_lvl_i[0]);
  * assert property (@(posedge clk_i) disable iff (!rst_ni)  load_valid_o |-> ##1 priv_lvl_i[1]);
  * assert property (@(posedge clk_i) disable iff (!rst_ni)  lsu_commit_i |-> ##1 dcache_req_ports_i[2].data_gnt);
  * assert property (@(posedge clk_i) disable iff (!rst_ni)  lsu_commit_i |-> ##1 dcache_wbuffer_empty_i);
  * assert property (@(posedge clk_i) disable iff (!rst_ni)  lsu_commit_i |-> ##1 debug_mode_i);
  * assert property (@(posedge clk_i) disable iff (!rst_ni)  lsu_commit_i |-> ##1 flu_ready_o);
  * assert property (@(posedge clk_i) disable iff (!rst_ni)  lsu_commit_i |-> ##1 fpu_ready_o);
  * assert property (@(posedge clk_i) disable iff (!rst_ni)  lsu_commit_i |-> ##1 icache_areq_i.fetch_req);
  * assert property (@(posedge clk_i) disable iff (!rst_ni)  lsu_commit_i |-> ##1 ld_st_priv_lvl_i[0]);
  * assert property (@(posedge clk_i) disable iff (!rst_ni)  lsu_commit_i |-> ##1 ld_st_priv_lvl_i[1]);
  * assert property (@(posedge clk_i) disable iff (!rst_ni)  lsu_commit_i |-> ##1 lsu_commit_ready_o);
  * assert property (@(posedge clk_i) disable iff (!rst_ni)  lsu_commit_i |-> ##1 lsu_ready_o);
  * assert property (@(posedge clk_i) disable iff (!rst_ni)  lsu_commit_i |-> ##1 priv_lvl_i[0]);
  * assert property (@(posedge clk_i) disable iff (!rst_ni)  lsu_commit_i |-> ##1 priv_lvl_i[1]);
  * assert property (@(posedge clk_i) disable iff (!rst_ni)  lsu_commit_ready_o |-> ##1 fpu_ready_o);
  * assert property (@(posedge clk_i) disable iff (!rst_ni)  lsu_commit_ready_o |-> ##1 ld_st_priv_lvl_i[0]);
  * assert property (@(posedge clk_i) disable iff (!rst_ni)  lsu_commit_ready_o |-> ##1 ld_st_priv_lvl_i[1]);
  * assert property (@(posedge clk_i) disable iff (!rst_ni)  lsu_commit_ready_o |-> ##1 lsu_commit_ready_o);
  * assert property (@(posedge clk_i) disable iff (!rst_ni)  lsu_commit_ready_o |-> ##1 lsu_ready_o);
  * assert property (@(posedge clk_i) disable iff (!rst_ni)  lsu_commit_ready_o |-> ##1 priv_lvl_i[0]);
  * assert property (@(posedge clk_i) disable iff (!rst_ni)  lsu_commit_ready_o |-> ##1 priv_lvl_i[1]);
  * assert property (@(posedge clk_i) disable iff (!rst_ni)  lsu_i.i_store_unit.state_q[0] |-> ##1 dcache_wbuffer_empty_i);
  * assert property (@(posedge clk_i) disable iff (!rst_ni)  lsu_i.i_store_unit.state_q[0] |-> ##1 debug_mode_i);
  * assert property (@(posedge clk_i) disable iff (!rst_ni)  lsu_i.i_store_unit.state_q[0] |-> ##1 flu_ready_o);
  * assert property (@(posedge clk_i) disable iff (!rst_ni)  lsu_i.i_store_unit.state_q[0] |-> ##1 fpu_ready_o);
  * assert property (@(posedge clk_i) disable iff (!rst_ni)  lsu_i.i_store_unit.state_q[0] |-> ##1 ld_st_priv_lvl_i[0]);
  * assert property (@(posedge clk_i) disable iff (!rst_ni)  lsu_i.i_store_unit.state_q[0] |-> ##1 ld_st_priv_lvl_i[1]);
  * assert property (@(posedge clk_i) disable iff (!rst_ni)  lsu_i.i_store_unit.state_q[0] |-> ##1 lsu_commit_i);
  * assert property (@(posedge clk_i) disable iff (!rst_ni)  lsu_i.i_store_unit.state_q[0] |-> ##1 lsu_commit_ready_o);
  * assert property (@(posedge clk_i) disable iff (!rst_ni)  lsu_i.i_store_unit.state_q[0] |-> ##1 lsu_ready_o);
  * assert property (@(posedge clk_i) disable iff (!rst_ni)  lsu_i.i_store_unit.state_q[0] |-> ##1 no_st_pending_o);
  * assert property (@(posedge clk_i) disable iff (!rst_ni)  lsu_i.i_store_unit.state_q[0] |-> ##1 priv_lvl_i[0]);
  * assert property (@(posedge clk_i) disable iff (!rst_ni)  lsu_i.i_store_unit.state_q[0] |-> ##1 priv_lvl_i[1]);
  * assert property (@(posedge clk_i) disable iff (!rst_ni)  lsu_i.i_store_unit.state_q[1] |-> ##1 fpu_ready_o);
  * assert property (@(posedge clk_i) disable iff (!rst_ni)  lsu_i.i_store_unit.state_q[1] |-> ##1 i_mult.i_div.div_res_zero_q);
  * assert property (@(posedge clk_i) disable iff (!rst_ni)  lsu_i.i_store_unit.state_q[1] |-> ##1 i_mult.i_div.rem_sel_q);
  * assert property (@(posedge clk_i) disable iff (!rst_ni)  lsu_i.i_store_unit.state_q[1] |-> ##1 i_mult.word_op_q);
  * assert property (@(posedge clk_i) disable iff (!rst_ni)  lsu_i.i_store_unit.state_q[1] |-> ##1 ld_st_priv_lvl_i[0]);
  * assert property (@(posedge clk_i) disable iff (!rst_ni)  lsu_i.i_store_unit.state_q[1] |-> ##1 ld_st_priv_lvl_i[1]);
  * assert property (@(posedge clk_i) disable iff (!rst_ni)  lsu_i.i_store_unit.state_q[1] |-> ##1 lsu_i.i_store_unit.store_buffer_i.commit_queue_q[2].valid);
  * assert property (@(posedge clk_i) disable iff (!rst_ni)  lsu_i.i_store_unit.state_q[1] |-> ##1 lsu_i.lsu_bypass_i.mem_q[0].valid);
  * assert property (@(posedge clk_i) disable iff (!rst_ni)  lsu_i.i_store_unit.state_q[1] |-> ##1 lsu_i.lsu_bypass_i.mem_q[1].valid);
  * assert property (@(posedge clk_i) disable iff (!rst_ni)  lsu_i.i_store_unit.state_q[1] |-> ##1 lsu_i.lsu_bypass_i.read_pointer_q);
  * assert property (@(posedge clk_i) disable iff (!rst_ni)  lsu_i.i_store_unit.state_q[1] |-> ##1 lsu_i.lsu_bypass_i.status_cnt_q[1]);
  * assert property (@(posedge clk_i) disable iff (!rst_ni)  lsu_i.i_store_unit.state_q[1] |-> ##1 lsu_i.lsu_bypass_i.write_pointer_q);
  * assert property (@(posedge clk_i) disable iff (!rst_ni)  lsu_i.i_store_unit.state_q[1] |-> ##1 priv_lvl_i[0]);
  * assert property (@(posedge clk_i) disable iff (!rst_ni)  lsu_i.i_store_unit.state_q[1] |-> ##1 priv_lvl_i[1]);
  * assert property (@(posedge clk_i) disable iff (!rst_ni)  lsu_i.i_store_unit.store_buffer_i.commit_queue_q[0].valid |-> ##1 debug_mode_i);
  * assert property (@(posedge clk_i) disable iff (!rst_ni)  lsu_i.i_store_unit.store_buffer_i.commit_queue_q[0].valid |-> ##1 flu_ready_o);
  * assert property (@(posedge clk_i) disable iff (!rst_ni)  lsu_i.i_store_unit.store_buffer_i.commit_queue_q[0].valid |-> ##1 fpu_ready_o);
  * assert property (@(posedge clk_i) disable iff (!rst_ni)  lsu_i.i_store_unit.store_buffer_i.commit_queue_q[0].valid |-> ##1 ld_st_priv_lvl_i[0]);
  * assert property (@(posedge clk_i) disable iff (!rst_ni)  lsu_i.i_store_unit.store_buffer_i.commit_queue_q[0].valid |-> ##1 ld_st_priv_lvl_i[1]);
  * assert property (@(posedge clk_i) disable iff (!rst_ni)  lsu_i.i_store_unit.store_buffer_i.commit_queue_q[0].valid |-> ##1 lsu_commit_ready_o);
  * assert property (@(posedge clk_i) disable iff (!rst_ni)  lsu_i.i_store_unit.store_buffer_i.commit_queue_q[0].valid |-> ##1 lsu_i.i_store_unit.store_buffer_i.commit_read_pointer_q[0]);
  * assert property (@(posedge clk_i) disable iff (!rst_ni)  lsu_i.i_store_unit.store_buffer_i.commit_queue_q[0].valid |-> ##1 lsu_i.i_store_unit.store_buffer_i.commit_write_pointer_q[0]);
  * assert property (@(posedge clk_i) disable iff (!rst_ni)  lsu_i.i_store_unit.store_buffer_i.commit_queue_q[0].valid |-> ##1 lsu_i.i_store_unit.store_buffer_i.speculative_read_pointer_q[0]);
  * assert property (@(posedge clk_i) disable iff (!rst_ni)  lsu_i.i_store_unit.store_buffer_i.commit_queue_q[0].valid |-> ##1 lsu_i.i_store_unit.store_buffer_i.speculative_write_pointer_q[0]);
  * assert property (@(posedge clk_i) disable iff (!rst_ni)  lsu_i.i_store_unit.store_buffer_i.commit_queue_q[0].valid |-> ##1 lsu_ready_o);
  * assert property (@(posedge clk_i) disable iff (!rst_ni)  lsu_i.i_store_unit.store_buffer_i.commit_queue_q[0].valid |-> ##1 no_st_pending_o);
  * assert property (@(posedge clk_i) disable iff (!rst_ni)  lsu_i.i_store_unit.store_buffer_i.commit_queue_q[0].valid |-> ##1 priv_lvl_i[0]);
  * assert property (@(posedge clk_i) disable iff (!rst_ni)  lsu_i.i_store_unit.store_buffer_i.commit_queue_q[0].valid |-> ##1 priv_lvl_i[1]);
  * assert property (@(posedge clk_i) disable iff (!rst_ni)  lsu_i.i_store_unit.store_buffer_i.commit_queue_q[1].valid |-> ##1 debug_mode_i);
  * assert property (@(posedge clk_i) disable iff (!rst_ni)  lsu_i.i_store_unit.store_buffer_i.commit_queue_q[1].valid |-> ##1 flu_ready_o);
  * assert property (@(posedge clk_i) disable iff (!rst_ni)  lsu_i.i_store_unit.store_buffer_i.commit_queue_q[1].valid |-> ##1 fpu_ready_o);
  * assert property (@(posedge clk_i) disable iff (!rst_ni)  lsu_i.i_store_unit.store_buffer_i.commit_queue_q[1].valid |-> ##1 ld_st_priv_lvl_i[0]);
  * assert property (@(posedge clk_i) disable iff (!rst_ni)  lsu_i.i_store_unit.store_buffer_i.commit_queue_q[1].valid |-> ##1 ld_st_priv_lvl_i[1]);
  * assert property (@(posedge clk_i) disable iff (!rst_ni)  lsu_i.i_store_unit.store_buffer_i.commit_queue_q[1].valid |-> ##1 lsu_commit_ready_o);
  * assert property (@(posedge clk_i) disable iff (!rst_ni)  lsu_i.i_store_unit.store_buffer_i.commit_queue_q[1].valid |-> ##1 lsu_i.i_store_unit.store_buffer_i.commit_read_pointer_q[1]);
  * assert property (@(posedge clk_i) disable iff (!rst_ni)  lsu_i.i_store_unit.store_buffer_i.commit_queue_q[1].valid |-> ##1 lsu_i.i_store_unit.store_buffer_i.commit_write_pointer_q[1]);
  * assert property (@(posedge clk_i) disable iff (!rst_ni)  lsu_i.i_store_unit.store_buffer_i.commit_queue_q[1].valid |-> ##1 lsu_i.i_store_unit.store_buffer_i.speculative_read_pointer_q[1]);
  * assert property (@(posedge clk_i) disable iff (!rst_ni)  lsu_i.i_store_unit.store_buffer_i.commit_queue_q[1].valid |-> ##1 lsu_i.i_store_unit.store_buffer_i.speculative_write_pointer_q[1]);
  * assert property (@(posedge clk_i) disable iff (!rst_ni)  lsu_i.i_store_unit.store_buffer_i.commit_queue_q[1].valid |-> ##1 lsu_ready_o);
  * assert property (@(posedge clk_i) disable iff (!rst_ni)  lsu_i.i_store_unit.store_buffer_i.commit_queue_q[1].valid |-> ##1 no_st_pending_o);
  * assert property (@(posedge clk_i) disable iff (!rst_ni)  lsu_i.i_store_unit.store_buffer_i.commit_queue_q[1].valid |-> ##1 priv_lvl_i[0]);
  * assert property (@(posedge clk_i) disable iff (!rst_ni)  lsu_i.i_store_unit.store_buffer_i.commit_queue_q[1].valid |-> ##1 priv_lvl_i[1]);
  * assert property (@(posedge clk_i) disable iff (!rst_ni)  lsu_i.i_store_unit.store_buffer_i.commit_queue_q[2].valid |-> ##1 debug_mode_i);
  * assert property (@(posedge clk_i) disable iff (!rst_ni)  lsu_i.i_store_unit.store_buffer_i.commit_queue_q[2].valid |-> ##1 flu_ready_o);
  * assert property (@(posedge clk_i) disable iff (!rst_ni)  lsu_i.i_store_unit.store_buffer_i.commit_queue_q[2].valid |-> ##1 fpu_ready_o);
  * assert property (@(posedge clk_i) disable iff (!rst_ni)  lsu_i.i_store_unit.store_buffer_i.commit_queue_q[2].valid |-> ##1 ld_st_priv_lvl_i[0]);
  * assert property (@(posedge clk_i) disable iff (!rst_ni)  lsu_i.i_store_unit.store_buffer_i.commit_queue_q[2].valid |-> ##1 ld_st_priv_lvl_i[1]);
  * assert property (@(posedge clk_i) disable iff (!rst_ni)  lsu_i.i_store_unit.store_buffer_i.commit_queue_q[2].valid |-> ##1 lsu_commit_ready_o);
  * assert property (@(posedge clk_i) disable iff (!rst_ni)  lsu_i.i_store_unit.store_buffer_i.commit_queue_q[2].valid |-> ##1 lsu_i.i_store_unit.store_buffer_i.commit_read_pointer_q[0]);
  * assert property (@(posedge clk_i) disable iff (!rst_ni)  lsu_i.i_store_unit.store_buffer_i.commit_queue_q[2].valid |-> ##1 lsu_i.i_store_unit.store_buffer_i.commit_read_pointer_q[1]);
  * assert property (@(posedge clk_i) disable iff (!rst_ni)  lsu_i.i_store_unit.store_buffer_i.commit_queue_q[2].valid |-> ##1 lsu_i.i_store_unit.store_buffer_i.commit_write_pointer_q[0]);
  * assert property (@(posedge clk_i) disable iff (!rst_ni)  lsu_i.i_store_unit.store_buffer_i.commit_queue_q[2].valid |-> ##1 lsu_i.i_store_unit.store_buffer_i.commit_write_pointer_q[1]);
  * assert property (@(posedge clk_i) disable iff (!rst_ni)  lsu_i.i_store_unit.store_buffer_i.commit_queue_q[2].valid |-> ##1 lsu_i.i_store_unit.store_buffer_i.speculative_read_pointer_q[0]);
  * assert property (@(posedge clk_i) disable iff (!rst_ni)  lsu_i.i_store_unit.store_buffer_i.commit_queue_q[2].valid |-> ##1 lsu_i.i_store_unit.store_buffer_i.speculative_read_pointer_q[1]);
  * assert property (@(posedge clk_i) disable iff (!rst_ni)  lsu_i.i_store_unit.store_buffer_i.commit_queue_q[2].valid |-> ##1 lsu_i.i_store_unit.store_buffer_i.speculative_write_pointer_q[0]);
  * assert property (@(posedge clk_i) disable iff (!rst_ni)  lsu_i.i_store_unit.store_buffer_i.commit_queue_q[2].valid |-> ##1 lsu_i.i_store_unit.store_buffer_i.speculative_write_pointer_q[1]);
  * assert property (@(posedge clk_i) disable iff (!rst_ni)  lsu_i.i_store_unit.store_buffer_i.commit_queue_q[2].valid |-> ##1 lsu_ready_o);
  * assert property (@(posedge clk_i) disable iff (!rst_ni)  lsu_i.i_store_unit.store_buffer_i.commit_queue_q[2].valid |-> ##1 no_st_pending_o);
  * assert property (@(posedge clk_i) disable iff (!rst_ni)  lsu_i.i_store_unit.store_buffer_i.commit_queue_q[2].valid |-> ##1 priv_lvl_i[0]);
  * assert property (@(posedge clk_i) disable iff (!rst_ni)  lsu_i.i_store_unit.store_buffer_i.commit_queue_q[2].valid |-> ##1 priv_lvl_i[1]);
  * assert property (@(posedge clk_i) disable iff (!rst_ni)  lsu_i.i_store_unit.store_buffer_i.commit_queue_q[3].valid |-> ##1 debug_mode_i);
  * assert property (@(posedge clk_i) disable iff (!rst_ni)  lsu_i.i_store_unit.store_buffer_i.commit_queue_q[3].valid |-> ##1 flu_ready_o);
  * assert property (@(posedge clk_i) disable iff (!rst_ni)  lsu_i.i_store_unit.store_buffer_i.commit_queue_q[3].valid |-> ##1 fpu_ready_o);
  * assert property (@(posedge clk_i) disable iff (!rst_ni)  lsu_i.i_store_unit.store_buffer_i.commit_queue_q[3].valid |-> ##1 ld_st_priv_lvl_i[0]);
  * assert property (@(posedge clk_i) disable iff (!rst_ni)  lsu_i.i_store_unit.store_buffer_i.commit_queue_q[3].valid |-> ##1 ld_st_priv_lvl_i[1]);
  * assert property (@(posedge clk_i) disable iff (!rst_ni)  lsu_i.i_store_unit.store_buffer_i.commit_queue_q[3].valid |-> ##1 lsu_commit_ready_o);
  * assert property (@(posedge clk_i) disable iff (!rst_ni)  lsu_i.i_store_unit.store_buffer_i.commit_queue_q[3].valid |-> ##1 lsu_i.lsu_bypass_i.read_pointer_q);
  * assert property (@(posedge clk_i) disable iff (!rst_ni)  lsu_i.i_store_unit.store_buffer_i.commit_queue_q[3].valid |-> ##1 lsu_i.lsu_bypass_i.write_pointer_q);
  * assert property (@(posedge clk_i) disable iff (!rst_ni)  lsu_i.i_store_unit.store_buffer_i.commit_queue_q[3].valid |-> ##1 lsu_ready_o);
  * assert property (@(posedge clk_i) disable iff (!rst_ni)  lsu_i.i_store_unit.store_buffer_i.commit_queue_q[3].valid |-> ##1 no_st_pending_o);
  * assert property (@(posedge clk_i) disable iff (!rst_ni)  lsu_i.i_store_unit.store_buffer_i.commit_queue_q[3].valid |-> ##1 priv_lvl_i[0]);
  * assert property (@(posedge clk_i) disable iff (!rst_ni)  lsu_i.i_store_unit.store_buffer_i.commit_queue_q[3].valid |-> ##1 priv_lvl_i[1]);
  * assert property (@(posedge clk_i) disable iff (!rst_ni)  lsu_i.i_store_unit.store_buffer_i.commit_read_pointer_q[0] |-> ##1 debug_mode_i);
  * assert property (@(posedge clk_i) disable iff (!rst_ni)  lsu_i.i_store_unit.store_buffer_i.commit_read_pointer_q[0] |-> ##1 fpu_ready_o);
  * assert property (@(posedge clk_i) disable iff (!rst_ni)  lsu_i.i_store_unit.store_buffer_i.commit_read_pointer_q[0] |-> ##1 ld_st_priv_lvl_i[0]);
  * assert property (@(posedge clk_i) disable iff (!rst_ni)  lsu_i.i_store_unit.store_buffer_i.commit_read_pointer_q[0] |-> ##1 ld_st_priv_lvl_i[1]);
  * assert property (@(posedge clk_i) disable iff (!rst_ni)  lsu_i.i_store_unit.store_buffer_i.commit_read_pointer_q[0] |-> ##1 lsu_commit_ready_o);
  * assert property (@(posedge clk_i) disable iff (!rst_ni)  lsu_i.i_store_unit.store_buffer_i.commit_read_pointer_q[0] |-> ##1 lsu_ready_o);
  * assert property (@(posedge clk_i) disable iff (!rst_ni)  lsu_i.i_store_unit.store_buffer_i.commit_read_pointer_q[0] |-> ##1 priv_lvl_i[0]);
  * assert property (@(posedge clk_i) disable iff (!rst_ni)  lsu_i.i_store_unit.store_buffer_i.commit_read_pointer_q[0] |-> ##1 priv_lvl_i[1]);
  * assert property (@(posedge clk_i) disable iff (!rst_ni)  lsu_i.i_store_unit.store_buffer_i.commit_read_pointer_q[1] |-> ##1 debug_mode_i);
  * assert property (@(posedge clk_i) disable iff (!rst_ni)  lsu_i.i_store_unit.store_buffer_i.commit_read_pointer_q[1] |-> ##1 fpu_ready_o);
  * assert property (@(posedge clk_i) disable iff (!rst_ni)  lsu_i.i_store_unit.store_buffer_i.commit_read_pointer_q[1] |-> ##1 ld_st_priv_lvl_i[0]);
  * assert property (@(posedge clk_i) disable iff (!rst_ni)  lsu_i.i_store_unit.store_buffer_i.commit_read_pointer_q[1] |-> ##1 ld_st_priv_lvl_i[1]);
  * assert property (@(posedge clk_i) disable iff (!rst_ni)  lsu_i.i_store_unit.store_buffer_i.commit_read_pointer_q[1] |-> ##1 lsu_commit_ready_o);
  * assert property (@(posedge clk_i) disable iff (!rst_ni)  lsu_i.i_store_unit.store_buffer_i.commit_read_pointer_q[1] |-> ##1 lsu_ready_o);
  * assert property (@(posedge clk_i) disable iff (!rst_ni)  lsu_i.i_store_unit.store_buffer_i.commit_read_pointer_q[1] |-> ##1 priv_lvl_i[0]);
  * assert property (@(posedge clk_i) disable iff (!rst_ni)  lsu_i.i_store_unit.store_buffer_i.commit_read_pointer_q[1] |-> ##1 priv_lvl_i[1]);
  * assert property (@(posedge clk_i) disable iff (!rst_ni)  lsu_i.i_store_unit.store_buffer_i.commit_write_pointer_q[0] |-> ##1 debug_mode_i);
  * assert property (@(posedge clk_i) disable iff (!rst_ni)  lsu_i.i_store_unit.store_buffer_i.commit_write_pointer_q[0] |-> ##1 fpu_ready_o);
  * assert property (@(posedge clk_i) disable iff (!rst_ni)  lsu_i.i_store_unit.store_buffer_i.commit_write_pointer_q[0] |-> ##1 ld_st_priv_lvl_i[0]);
  * assert property (@(posedge clk_i) disable iff (!rst_ni)  lsu_i.i_store_unit.store_buffer_i.commit_write_pointer_q[0] |-> ##1 ld_st_priv_lvl_i[1]);
  * assert property (@(posedge clk_i) disable iff (!rst_ni)  lsu_i.i_store_unit.store_buffer_i.commit_write_pointer_q[0] |-> ##1 lsu_commit_ready_o);
  * assert property (@(posedge clk_i) disable iff (!rst_ni)  lsu_i.i_store_unit.store_buffer_i.commit_write_pointer_q[0] |-> ##1 lsu_i.i_store_unit.store_buffer_i.commit_read_pointer_q[0]);
  * assert property (@(posedge clk_i) disable iff (!rst_ni)  lsu_i.i_store_unit.store_buffer_i.commit_write_pointer_q[0] |-> ##1 lsu_ready_o);
  * assert property (@(posedge clk_i) disable iff (!rst_ni)  lsu_i.i_store_unit.store_buffer_i.commit_write_pointer_q[0] |-> ##1 priv_lvl_i[0]);
  * assert property (@(posedge clk_i) disable iff (!rst_ni)  lsu_i.i_store_unit.store_buffer_i.commit_write_pointer_q[0] |-> ##1 priv_lvl_i[1]);
  * assert property (@(posedge clk_i) disable iff (!rst_ni)  lsu_i.i_store_unit.store_buffer_i.commit_write_pointer_q[1] |-> ##1 debug_mode_i);
  * assert property (@(posedge clk_i) disable iff (!rst_ni)  lsu_i.i_store_unit.store_buffer_i.commit_write_pointer_q[1] |-> ##1 fpu_ready_o);
  * assert property (@(posedge clk_i) disable iff (!rst_ni)  lsu_i.i_store_unit.store_buffer_i.commit_write_pointer_q[1] |-> ##1 ld_st_priv_lvl_i[0]);
  * assert property (@(posedge clk_i) disable iff (!rst_ni)  lsu_i.i_store_unit.store_buffer_i.commit_write_pointer_q[1] |-> ##1 ld_st_priv_lvl_i[1]);
  * assert property (@(posedge clk_i) disable iff (!rst_ni)  lsu_i.i_store_unit.store_buffer_i.commit_write_pointer_q[1] |-> ##1 lsu_commit_ready_o);
  * assert property (@(posedge clk_i) disable iff (!rst_ni)  lsu_i.i_store_unit.store_buffer_i.commit_write_pointer_q[1] |-> ##1 lsu_i.i_store_unit.store_buffer_i.commit_read_pointer_q[1]);
  * assert property (@(posedge clk_i) disable iff (!rst_ni)  lsu_i.i_store_unit.store_buffer_i.commit_write_pointer_q[1] |-> ##1 lsu_ready_o);
  * assert property (@(posedge clk_i) disable iff (!rst_ni)  lsu_i.i_store_unit.store_buffer_i.commit_write_pointer_q[1] |-> ##1 priv_lvl_i[0]);
  * assert property (@(posedge clk_i) disable iff (!rst_ni)  lsu_i.i_store_unit.store_buffer_i.commit_write_pointer_q[1] |-> ##1 priv_lvl_i[1]);
  * assert property (@(posedge clk_i) disable iff (!rst_ni)  lsu_i.i_store_unit.store_buffer_i.speculative_queue_q[0].valid |-> ##1 dcache_req_ports_i[2].data_gnt);
  * assert property (@(posedge clk_i) disable iff (!rst_ni)  lsu_i.i_store_unit.store_buffer_i.speculative_queue_q[0].valid |-> ##1 dcache_wbuffer_empty_i);
  * assert property (@(posedge clk_i) disable iff (!rst_ni)  lsu_i.i_store_unit.store_buffer_i.speculative_queue_q[0].valid |-> ##1 debug_mode_i);
  * assert property (@(posedge clk_i) disable iff (!rst_ni)  lsu_i.i_store_unit.store_buffer_i.speculative_queue_q[0].valid |-> ##1 flu_ready_o);
  * assert property (@(posedge clk_i) disable iff (!rst_ni)  lsu_i.i_store_unit.store_buffer_i.speculative_queue_q[0].valid |-> ##1 fpu_ready_o);
  * assert property (@(posedge clk_i) disable iff (!rst_ni)  lsu_i.i_store_unit.store_buffer_i.speculative_queue_q[0].valid |-> ##1 icache_areq_i.fetch_req);
  * assert property (@(posedge clk_i) disable iff (!rst_ni)  lsu_i.i_store_unit.store_buffer_i.speculative_queue_q[0].valid |-> ##1 ld_st_priv_lvl_i[0]);
  * assert property (@(posedge clk_i) disable iff (!rst_ni)  lsu_i.i_store_unit.store_buffer_i.speculative_queue_q[0].valid |-> ##1 ld_st_priv_lvl_i[1]);
  * assert property (@(posedge clk_i) disable iff (!rst_ni)  lsu_i.i_store_unit.store_buffer_i.speculative_queue_q[0].valid |-> ##1 lsu_commit_ready_o);
  * assert property (@(posedge clk_i) disable iff (!rst_ni)  lsu_i.i_store_unit.store_buffer_i.speculative_queue_q[0].valid |-> ##1 lsu_i.i_store_unit.store_buffer_i.commit_queue_q[0].valid);
  * assert property (@(posedge clk_i) disable iff (!rst_ni)  lsu_i.i_store_unit.store_buffer_i.speculative_queue_q[0].valid |-> ##1 lsu_i.i_store_unit.store_buffer_i.commit_write_pointer_q[0]);
  * assert property (@(posedge clk_i) disable iff (!rst_ni)  lsu_i.i_store_unit.store_buffer_i.speculative_queue_q[0].valid |-> ##1 lsu_i.i_store_unit.store_buffer_i.speculative_read_pointer_q[0]);
  * assert property (@(posedge clk_i) disable iff (!rst_ni)  lsu_i.i_store_unit.store_buffer_i.speculative_queue_q[0].valid |-> ##1 lsu_i.i_store_unit.store_buffer_i.speculative_write_pointer_q[0]);
  * assert property (@(posedge clk_i) disable iff (!rst_ni)  lsu_i.i_store_unit.store_buffer_i.speculative_queue_q[0].valid |-> ##1 lsu_ready_o);
  * assert property (@(posedge clk_i) disable iff (!rst_ni)  lsu_i.i_store_unit.store_buffer_i.speculative_queue_q[0].valid |-> ##1 priv_lvl_i[0]);
  * assert property (@(posedge clk_i) disable iff (!rst_ni)  lsu_i.i_store_unit.store_buffer_i.speculative_queue_q[0].valid |-> ##1 priv_lvl_i[1]);
  * assert property (@(posedge clk_i) disable iff (!rst_ni)  lsu_i.i_store_unit.store_buffer_i.speculative_queue_q[1].valid |-> ##1 dcache_req_ports_i[2].data_gnt);
  * assert property (@(posedge clk_i) disable iff (!rst_ni)  lsu_i.i_store_unit.store_buffer_i.speculative_queue_q[1].valid |-> ##1 dcache_wbuffer_empty_i);
  * assert property (@(posedge clk_i) disable iff (!rst_ni)  lsu_i.i_store_unit.store_buffer_i.speculative_queue_q[1].valid |-> ##1 debug_mode_i);
  * assert property (@(posedge clk_i) disable iff (!rst_ni)  lsu_i.i_store_unit.store_buffer_i.speculative_queue_q[1].valid |-> ##1 flu_ready_o);
  * assert property (@(posedge clk_i) disable iff (!rst_ni)  lsu_i.i_store_unit.store_buffer_i.speculative_queue_q[1].valid |-> ##1 fpu_ready_o);
  * assert property (@(posedge clk_i) disable iff (!rst_ni)  lsu_i.i_store_unit.store_buffer_i.speculative_queue_q[1].valid |-> ##1 icache_areq_i.fetch_req);
  * assert property (@(posedge clk_i) disable iff (!rst_ni)  lsu_i.i_store_unit.store_buffer_i.speculative_queue_q[1].valid |-> ##1 ld_st_priv_lvl_i[0]);
  * assert property (@(posedge clk_i) disable iff (!rst_ni)  lsu_i.i_store_unit.store_buffer_i.speculative_queue_q[1].valid |-> ##1 ld_st_priv_lvl_i[1]);
  * assert property (@(posedge clk_i) disable iff (!rst_ni)  lsu_i.i_store_unit.store_buffer_i.speculative_queue_q[1].valid |-> ##1 lsu_commit_ready_o);
  * assert property (@(posedge clk_i) disable iff (!rst_ni)  lsu_i.i_store_unit.store_buffer_i.speculative_queue_q[1].valid |-> ##1 lsu_i.i_store_unit.store_buffer_i.commit_queue_q[1].valid);
  * assert property (@(posedge clk_i) disable iff (!rst_ni)  lsu_i.i_store_unit.store_buffer_i.speculative_queue_q[1].valid |-> ##1 lsu_i.i_store_unit.store_buffer_i.commit_read_pointer_q[0]);
  * assert property (@(posedge clk_i) disable iff (!rst_ni)  lsu_i.i_store_unit.store_buffer_i.speculative_queue_q[1].valid |-> ##1 lsu_i.i_store_unit.store_buffer_i.commit_write_pointer_q[1]);
  * assert property (@(posedge clk_i) disable iff (!rst_ni)  lsu_i.i_store_unit.store_buffer_i.speculative_queue_q[1].valid |-> ##1 lsu_i.i_store_unit.store_buffer_i.speculative_read_pointer_q[1]);
  * assert property (@(posedge clk_i) disable iff (!rst_ni)  lsu_i.i_store_unit.store_buffer_i.speculative_queue_q[1].valid |-> ##1 lsu_i.i_store_unit.store_buffer_i.speculative_write_pointer_q[1]);
  * assert property (@(posedge clk_i) disable iff (!rst_ni)  lsu_i.i_store_unit.store_buffer_i.speculative_queue_q[1].valid |-> ##1 lsu_ready_o);
  * assert property (@(posedge clk_i) disable iff (!rst_ni)  lsu_i.i_store_unit.store_buffer_i.speculative_queue_q[1].valid |-> ##1 priv_lvl_i[0]);
  * assert property (@(posedge clk_i) disable iff (!rst_ni)  lsu_i.i_store_unit.store_buffer_i.speculative_queue_q[1].valid |-> ##1 priv_lvl_i[1]);
  * assert property (@(posedge clk_i) disable iff (!rst_ni)  lsu_i.i_store_unit.store_buffer_i.speculative_queue_q[2].valid |-> ##1 dcache_req_ports_i[2].data_gnt);
  * assert property (@(posedge clk_i) disable iff (!rst_ni)  lsu_i.i_store_unit.store_buffer_i.speculative_queue_q[2].valid |-> ##1 dcache_wbuffer_empty_i);
  * assert property (@(posedge clk_i) disable iff (!rst_ni)  lsu_i.i_store_unit.store_buffer_i.speculative_queue_q[2].valid |-> ##1 debug_mode_i);
  * assert property (@(posedge clk_i) disable iff (!rst_ni)  lsu_i.i_store_unit.store_buffer_i.speculative_queue_q[2].valid |-> ##1 flu_ready_o);
  * assert property (@(posedge clk_i) disable iff (!rst_ni)  lsu_i.i_store_unit.store_buffer_i.speculative_queue_q[2].valid |-> ##1 fpu_ready_o);
  * assert property (@(posedge clk_i) disable iff (!rst_ni)  lsu_i.i_store_unit.store_buffer_i.speculative_queue_q[2].valid |-> ##1 icache_areq_i.fetch_req);
  * assert property (@(posedge clk_i) disable iff (!rst_ni)  lsu_i.i_store_unit.store_buffer_i.speculative_queue_q[2].valid |-> ##1 ld_st_priv_lvl_i[0]);
  * assert property (@(posedge clk_i) disable iff (!rst_ni)  lsu_i.i_store_unit.store_buffer_i.speculative_queue_q[2].valid |-> ##1 ld_st_priv_lvl_i[1]);
  * assert property (@(posedge clk_i) disable iff (!rst_ni)  lsu_i.i_store_unit.store_buffer_i.speculative_queue_q[2].valid |-> ##1 lsu_commit_ready_o);
  * assert property (@(posedge clk_i) disable iff (!rst_ni)  lsu_i.i_store_unit.store_buffer_i.speculative_queue_q[2].valid |-> ##1 lsu_i.i_store_unit.store_buffer_i.commit_queue_q[2].valid);
  * assert property (@(posedge clk_i) disable iff (!rst_ni)  lsu_i.i_store_unit.store_buffer_i.speculative_queue_q[2].valid |-> ##1 lsu_i.i_store_unit.store_buffer_i.commit_read_pointer_q[1]);
  * assert property (@(posedge clk_i) disable iff (!rst_ni)  lsu_i.i_store_unit.store_buffer_i.speculative_queue_q[2].valid |-> ##1 lsu_i.i_store_unit.store_buffer_i.commit_write_pointer_q[0]);
  * assert property (@(posedge clk_i) disable iff (!rst_ni)  lsu_i.i_store_unit.store_buffer_i.speculative_queue_q[2].valid |-> ##1 lsu_i.i_store_unit.store_buffer_i.commit_write_pointer_q[1]);
  * assert property (@(posedge clk_i) disable iff (!rst_ni)  lsu_i.i_store_unit.store_buffer_i.speculative_queue_q[2].valid |-> ##1 lsu_i.i_store_unit.store_buffer_i.speculative_read_pointer_q[0]);
  * assert property (@(posedge clk_i) disable iff (!rst_ni)  lsu_i.i_store_unit.store_buffer_i.speculative_queue_q[2].valid |-> ##1 lsu_i.i_store_unit.store_buffer_i.speculative_read_pointer_q[1]);
  * assert property (@(posedge clk_i) disable iff (!rst_ni)  lsu_i.i_store_unit.store_buffer_i.speculative_queue_q[2].valid |-> ##1 lsu_i.i_store_unit.store_buffer_i.speculative_write_pointer_q[0]);
  * assert property (@(posedge clk_i) disable iff (!rst_ni)  lsu_i.i_store_unit.store_buffer_i.speculative_queue_q[2].valid |-> ##1 lsu_i.i_store_unit.store_buffer_i.speculative_write_pointer_q[1]);
  * assert property (@(posedge clk_i) disable iff (!rst_ni)  lsu_i.i_store_unit.store_buffer_i.speculative_queue_q[2].valid |-> ##1 lsu_ready_o);
  * assert property (@(posedge clk_i) disable iff (!rst_ni)  lsu_i.i_store_unit.store_buffer_i.speculative_queue_q[2].valid |-> ##1 priv_lvl_i[0]);
  * assert property (@(posedge clk_i) disable iff (!rst_ni)  lsu_i.i_store_unit.store_buffer_i.speculative_queue_q[2].valid |-> ##1 priv_lvl_i[1]);
  * assert property (@(posedge clk_i) disable iff (!rst_ni)  lsu_i.i_store_unit.store_buffer_i.speculative_queue_q[3].valid |-> ##1 dcache_req_ports_i[2].data_gnt);
  * assert property (@(posedge clk_i) disable iff (!rst_ni)  lsu_i.i_store_unit.store_buffer_i.speculative_queue_q[3].valid |-> ##1 dcache_wbuffer_empty_i);
  * assert property (@(posedge clk_i) disable iff (!rst_ni)  lsu_i.i_store_unit.store_buffer_i.speculative_queue_q[3].valid |-> ##1 debug_mode_i);
  * assert property (@(posedge clk_i) disable iff (!rst_ni)  lsu_i.i_store_unit.store_buffer_i.speculative_queue_q[3].valid |-> ##1 flu_ready_o);
  * assert property (@(posedge clk_i) disable iff (!rst_ni)  lsu_i.i_store_unit.store_buffer_i.speculative_queue_q[3].valid |-> ##1 fpu_ready_o);
  * assert property (@(posedge clk_i) disable iff (!rst_ni)  lsu_i.i_store_unit.store_buffer_i.speculative_queue_q[3].valid |-> ##1 icache_areq_i.fetch_req);
  * assert property (@(posedge clk_i) disable iff (!rst_ni)  lsu_i.i_store_unit.store_buffer_i.speculative_queue_q[3].valid |-> ##1 ld_st_priv_lvl_i[0]);
  * assert property (@(posedge clk_i) disable iff (!rst_ni)  lsu_i.i_store_unit.store_buffer_i.speculative_queue_q[3].valid |-> ##1 ld_st_priv_lvl_i[1]);
  * assert property (@(posedge clk_i) disable iff (!rst_ni)  lsu_i.i_store_unit.store_buffer_i.speculative_queue_q[3].valid |-> ##1 lsu_commit_ready_o);
  * assert property (@(posedge clk_i) disable iff (!rst_ni)  lsu_i.i_store_unit.store_buffer_i.speculative_queue_q[3].valid |-> ##1 lsu_i.i_store_unit.store_buffer_i.commit_queue_q[3].valid);
  * assert property (@(posedge clk_i) disable iff (!rst_ni)  lsu_i.i_store_unit.store_buffer_i.speculative_queue_q[3].valid |-> ##1 lsu_i.i_store_unit.store_buffer_i.commit_read_pointer_q[0]);
  * assert property (@(posedge clk_i) disable iff (!rst_ni)  lsu_i.i_store_unit.store_buffer_i.speculative_queue_q[3].valid |-> ##1 lsu_i.i_store_unit.store_buffer_i.commit_read_pointer_q[1]);
  * assert property (@(posedge clk_i) disable iff (!rst_ni)  lsu_i.i_store_unit.store_buffer_i.speculative_queue_q[3].valid |-> ##1 lsu_i.lsu_bypass_i.read_pointer_q);
  * assert property (@(posedge clk_i) disable iff (!rst_ni)  lsu_i.i_store_unit.store_buffer_i.speculative_queue_q[3].valid |-> ##1 lsu_i.lsu_bypass_i.write_pointer_q);
  * assert property (@(posedge clk_i) disable iff (!rst_ni)  lsu_i.i_store_unit.store_buffer_i.speculative_queue_q[3].valid |-> ##1 lsu_ready_o);
  * assert property (@(posedge clk_i) disable iff (!rst_ni)  lsu_i.i_store_unit.store_buffer_i.speculative_queue_q[3].valid |-> ##1 priv_lvl_i[0]);
  * assert property (@(posedge clk_i) disable iff (!rst_ni)  lsu_i.i_store_unit.store_buffer_i.speculative_queue_q[3].valid |-> ##1 priv_lvl_i[1]);
  * assert property (@(posedge clk_i) disable iff (!rst_ni)  lsu_i.i_store_unit.store_buffer_i.speculative_read_pointer_q[0] |-> ##1 debug_mode_i);
  * assert property (@(posedge clk_i) disable iff (!rst_ni)  lsu_i.i_store_unit.store_buffer_i.speculative_read_pointer_q[0] |-> ##1 fpu_ready_o);
  * assert property (@(posedge clk_i) disable iff (!rst_ni)  lsu_i.i_store_unit.store_buffer_i.speculative_read_pointer_q[0] |-> ##1 ld_st_priv_lvl_i[0]);
  * assert property (@(posedge clk_i) disable iff (!rst_ni)  lsu_i.i_store_unit.store_buffer_i.speculative_read_pointer_q[0] |-> ##1 ld_st_priv_lvl_i[1]);
  * assert property (@(posedge clk_i) disable iff (!rst_ni)  lsu_i.i_store_unit.store_buffer_i.speculative_read_pointer_q[0] |-> ##1 lsu_commit_ready_o);
  * assert property (@(posedge clk_i) disable iff (!rst_ni)  lsu_i.i_store_unit.store_buffer_i.speculative_read_pointer_q[0] |-> ##1 lsu_i.i_store_unit.store_buffer_i.commit_read_pointer_q[0]);
  * assert property (@(posedge clk_i) disable iff (!rst_ni)  lsu_i.i_store_unit.store_buffer_i.speculative_read_pointer_q[0] |-> ##1 lsu_ready_o);
  * assert property (@(posedge clk_i) disable iff (!rst_ni)  lsu_i.i_store_unit.store_buffer_i.speculative_read_pointer_q[0] |-> ##1 priv_lvl_i[0]);
  * assert property (@(posedge clk_i) disable iff (!rst_ni)  lsu_i.i_store_unit.store_buffer_i.speculative_read_pointer_q[0] |-> ##1 priv_lvl_i[1]);
  * assert property (@(posedge clk_i) disable iff (!rst_ni)  lsu_i.i_store_unit.store_buffer_i.speculative_read_pointer_q[1] |-> ##1 debug_mode_i);
  * assert property (@(posedge clk_i) disable iff (!rst_ni)  lsu_i.i_store_unit.store_buffer_i.speculative_read_pointer_q[1] |-> ##1 fpu_ready_o);
  * assert property (@(posedge clk_i) disable iff (!rst_ni)  lsu_i.i_store_unit.store_buffer_i.speculative_read_pointer_q[1] |-> ##1 ld_st_priv_lvl_i[0]);
  * assert property (@(posedge clk_i) disable iff (!rst_ni)  lsu_i.i_store_unit.store_buffer_i.speculative_read_pointer_q[1] |-> ##1 ld_st_priv_lvl_i[1]);
  * assert property (@(posedge clk_i) disable iff (!rst_ni)  lsu_i.i_store_unit.store_buffer_i.speculative_read_pointer_q[1] |-> ##1 lsu_commit_ready_o);
  * assert property (@(posedge clk_i) disable iff (!rst_ni)  lsu_i.i_store_unit.store_buffer_i.speculative_read_pointer_q[1] |-> ##1 lsu_i.i_store_unit.store_buffer_i.commit_read_pointer_q[1]);
  * assert property (@(posedge clk_i) disable iff (!rst_ni)  lsu_i.i_store_unit.store_buffer_i.speculative_read_pointer_q[1] |-> ##1 lsu_ready_o);
  * assert property (@(posedge clk_i) disable iff (!rst_ni)  lsu_i.i_store_unit.store_buffer_i.speculative_read_pointer_q[1] |-> ##1 priv_lvl_i[0]);
  * assert property (@(posedge clk_i) disable iff (!rst_ni)  lsu_i.i_store_unit.store_buffer_i.speculative_read_pointer_q[1] |-> ##1 priv_lvl_i[1]);
  * assert property (@(posedge clk_i) disable iff (!rst_ni)  lsu_i.i_store_unit.store_buffer_i.speculative_write_pointer_q[0] |-> ##1 debug_mode_i);
  * assert property (@(posedge clk_i) disable iff (!rst_ni)  lsu_i.i_store_unit.store_buffer_i.speculative_write_pointer_q[0] |-> ##1 fpu_ready_o);
  * assert property (@(posedge clk_i) disable iff (!rst_ni)  lsu_i.i_store_unit.store_buffer_i.speculative_write_pointer_q[0] |-> ##1 ld_st_priv_lvl_i[0]);
  * assert property (@(posedge clk_i) disable iff (!rst_ni)  lsu_i.i_store_unit.store_buffer_i.speculative_write_pointer_q[0] |-> ##1 ld_st_priv_lvl_i[1]);
  * assert property (@(posedge clk_i) disable iff (!rst_ni)  lsu_i.i_store_unit.store_buffer_i.speculative_write_pointer_q[0] |-> ##1 lsu_commit_ready_o);
  * assert property (@(posedge clk_i) disable iff (!rst_ni)  lsu_i.i_store_unit.store_buffer_i.speculative_write_pointer_q[0] |-> ##1 lsu_i.i_store_unit.store_buffer_i.commit_write_pointer_q[0]);
  * assert property (@(posedge clk_i) disable iff (!rst_ni)  lsu_i.i_store_unit.store_buffer_i.speculative_write_pointer_q[0] |-> ##1 lsu_i.i_store_unit.store_buffer_i.speculative_read_pointer_q[0]);
  * assert property (@(posedge clk_i) disable iff (!rst_ni)  lsu_i.i_store_unit.store_buffer_i.speculative_write_pointer_q[0] |-> ##1 lsu_ready_o);
  * assert property (@(posedge clk_i) disable iff (!rst_ni)  lsu_i.i_store_unit.store_buffer_i.speculative_write_pointer_q[0] |-> ##1 priv_lvl_i[0]);
  * assert property (@(posedge clk_i) disable iff (!rst_ni)  lsu_i.i_store_unit.store_buffer_i.speculative_write_pointer_q[0] |-> ##1 priv_lvl_i[1]);
  * assert property (@(posedge clk_i) disable iff (!rst_ni)  lsu_i.i_store_unit.store_buffer_i.speculative_write_pointer_q[1] |-> ##1 debug_mode_i);
  * assert property (@(posedge clk_i) disable iff (!rst_ni)  lsu_i.i_store_unit.store_buffer_i.speculative_write_pointer_q[1] |-> ##1 fpu_ready_o);
  * assert property (@(posedge clk_i) disable iff (!rst_ni)  lsu_i.i_store_unit.store_buffer_i.speculative_write_pointer_q[1] |-> ##1 ld_st_priv_lvl_i[0]);
  * assert property (@(posedge clk_i) disable iff (!rst_ni)  lsu_i.i_store_unit.store_buffer_i.speculative_write_pointer_q[1] |-> ##1 ld_st_priv_lvl_i[1]);
  * assert property (@(posedge clk_i) disable iff (!rst_ni)  lsu_i.i_store_unit.store_buffer_i.speculative_write_pointer_q[1] |-> ##1 lsu_commit_ready_o);
  * assert property (@(posedge clk_i) disable iff (!rst_ni)  lsu_i.i_store_unit.store_buffer_i.speculative_write_pointer_q[1] |-> ##1 lsu_i.i_store_unit.store_buffer_i.commit_write_pointer_q[1]);
  * assert property (@(posedge clk_i) disable iff (!rst_ni)  lsu_i.i_store_unit.store_buffer_i.speculative_write_pointer_q[1] |-> ##1 lsu_i.i_store_unit.store_buffer_i.speculative_read_pointer_q[1]);
  * assert property (@(posedge clk_i) disable iff (!rst_ni)  lsu_i.i_store_unit.store_buffer_i.speculative_write_pointer_q[1] |-> ##1 lsu_ready_o);
  * assert property (@(posedge clk_i) disable iff (!rst_ni)  lsu_i.i_store_unit.store_buffer_i.speculative_write_pointer_q[1] |-> ##1 priv_lvl_i[0]);
  * assert property (@(posedge clk_i) disable iff (!rst_ni)  lsu_i.i_store_unit.store_buffer_i.speculative_write_pointer_q[1] |-> ##1 priv_lvl_i[1]);
  * assert property (@(posedge clk_i) disable iff (!rst_ni)  lsu_i.lsu_bypass_i.mem_q[0].valid |-> ##1 fpu_ready_o);
  * assert property (@(posedge clk_i) disable iff (!rst_ni)  lsu_i.lsu_bypass_i.mem_q[0].valid |-> ##1 ld_st_priv_lvl_i[0]);
  * assert property (@(posedge clk_i) disable iff (!rst_ni)  lsu_i.lsu_bypass_i.mem_q[0].valid |-> ##1 ld_st_priv_lvl_i[1]);
  * assert property (@(posedge clk_i) disable iff (!rst_ni)  lsu_i.lsu_bypass_i.mem_q[0].valid |-> ##1 priv_lvl_i[0]);
  * assert property (@(posedge clk_i) disable iff (!rst_ni)  lsu_i.lsu_bypass_i.mem_q[0].valid |-> ##1 priv_lvl_i[1]);
  * assert property (@(posedge clk_i) disable iff (!rst_ni)  lsu_i.lsu_bypass_i.mem_q[1].valid |-> ##1 fpu_ready_o);
  * assert property (@(posedge clk_i) disable iff (!rst_ni)  lsu_i.lsu_bypass_i.mem_q[1].valid |-> ##1 ld_st_priv_lvl_i[0]);
  * assert property (@(posedge clk_i) disable iff (!rst_ni)  lsu_i.lsu_bypass_i.mem_q[1].valid |-> ##1 ld_st_priv_lvl_i[1]);
  * assert property (@(posedge clk_i) disable iff (!rst_ni)  lsu_i.lsu_bypass_i.mem_q[1].valid |-> ##1 priv_lvl_i[0]);
  * assert property (@(posedge clk_i) disable iff (!rst_ni)  lsu_i.lsu_bypass_i.mem_q[1].valid |-> ##1 priv_lvl_i[1]);
  * assert property (@(posedge clk_i) disable iff (!rst_ni)  lsu_i.lsu_bypass_i.read_pointer_q |-> ##1 debug_mode_i);
  * assert property (@(posedge clk_i) disable iff (!rst_ni)  lsu_i.lsu_bypass_i.read_pointer_q |-> ##1 fpu_ready_o);
  * assert property (@(posedge clk_i) disable iff (!rst_ni)  lsu_i.lsu_bypass_i.read_pointer_q |-> ##1 ld_st_priv_lvl_i[0]);
  * assert property (@(posedge clk_i) disable iff (!rst_ni)  lsu_i.lsu_bypass_i.read_pointer_q |-> ##1 ld_st_priv_lvl_i[1]);
  * assert property (@(posedge clk_i) disable iff (!rst_ni)  lsu_i.lsu_bypass_i.read_pointer_q |-> ##1 lsu_commit_ready_o);
  * assert property (@(posedge clk_i) disable iff (!rst_ni)  lsu_i.lsu_bypass_i.read_pointer_q |-> ##1 lsu_ready_o);
  * assert property (@(posedge clk_i) disable iff (!rst_ni)  lsu_i.lsu_bypass_i.read_pointer_q |-> ##1 priv_lvl_i[0]);
  * assert property (@(posedge clk_i) disable iff (!rst_ni)  lsu_i.lsu_bypass_i.read_pointer_q |-> ##1 priv_lvl_i[1]);
  * assert property (@(posedge clk_i) disable iff (!rst_ni)  lsu_i.lsu_bypass_i.status_cnt_q[0] |-> ##1 fpu_ready_o);
  * assert property (@(posedge clk_i) disable iff (!rst_ni)  lsu_i.lsu_bypass_i.status_cnt_q[0] |-> ##1 ld_st_priv_lvl_i[0]);
  * assert property (@(posedge clk_i) disable iff (!rst_ni)  lsu_i.lsu_bypass_i.status_cnt_q[0] |-> ##1 ld_st_priv_lvl_i[1]);
  * assert property (@(posedge clk_i) disable iff (!rst_ni)  lsu_i.lsu_bypass_i.status_cnt_q[0] |-> ##1 priv_lvl_i[0]);
  * assert property (@(posedge clk_i) disable iff (!rst_ni)  lsu_i.lsu_bypass_i.status_cnt_q[0] |-> ##1 priv_lvl_i[1]);
  * assert property (@(posedge clk_i) disable iff (!rst_ni)  lsu_i.lsu_bypass_i.status_cnt_q[1] |-> ##1 fpu_ready_o);
  * assert property (@(posedge clk_i) disable iff (!rst_ni)  lsu_i.lsu_bypass_i.status_cnt_q[1] |-> ##1 ld_st_priv_lvl_i[0]);
  * assert property (@(posedge clk_i) disable iff (!rst_ni)  lsu_i.lsu_bypass_i.status_cnt_q[1] |-> ##1 ld_st_priv_lvl_i[1]);
  * assert property (@(posedge clk_i) disable iff (!rst_ni)  lsu_i.lsu_bypass_i.status_cnt_q[1] |-> ##1 priv_lvl_i[0]);
  * assert property (@(posedge clk_i) disable iff (!rst_ni)  lsu_i.lsu_bypass_i.status_cnt_q[1] |-> ##1 priv_lvl_i[1]);
  * assert property (@(posedge clk_i) disable iff (!rst_ni)  lsu_i.lsu_bypass_i.write_pointer_q |-> ##1 debug_mode_i);
  * assert property (@(posedge clk_i) disable iff (!rst_ni)  lsu_i.lsu_bypass_i.write_pointer_q |-> ##1 fpu_ready_o);
  * assert property (@(posedge clk_i) disable iff (!rst_ni)  lsu_i.lsu_bypass_i.write_pointer_q |-> ##1 ld_st_priv_lvl_i[0]);
  * assert property (@(posedge clk_i) disable iff (!rst_ni)  lsu_i.lsu_bypass_i.write_pointer_q |-> ##1 ld_st_priv_lvl_i[1]);
  * assert property (@(posedge clk_i) disable iff (!rst_ni)  lsu_i.lsu_bypass_i.write_pointer_q |-> ##1 lsu_commit_ready_o);
  * assert property (@(posedge clk_i) disable iff (!rst_ni)  lsu_i.lsu_bypass_i.write_pointer_q |-> ##1 lsu_ready_o);
  * assert property (@(posedge clk_i) disable iff (!rst_ni)  lsu_i.lsu_bypass_i.write_pointer_q |-> ##1 priv_lvl_i[0]);
  * assert property (@(posedge clk_i) disable iff (!rst_ni)  lsu_i.lsu_bypass_i.write_pointer_q |-> ##1 priv_lvl_i[1]);
  * assert property (@(posedge clk_i) disable iff (!rst_ni)  lsu_ready_o |-> ##1 fpu_ready_o);
  * assert property (@(posedge clk_i) disable iff (!rst_ni)  lsu_ready_o |-> ##1 ld_st_priv_lvl_i[0]);
  * assert property (@(posedge clk_i) disable iff (!rst_ni)  lsu_ready_o |-> ##1 ld_st_priv_lvl_i[1]);
  * assert property (@(posedge clk_i) disable iff (!rst_ni)  lsu_ready_o |-> ##1 lsu_commit_ready_o);
  * assert property (@(posedge clk_i) disable iff (!rst_ni)  lsu_ready_o |-> ##1 lsu_ready_o);
  * assert property (@(posedge clk_i) disable iff (!rst_ni)  lsu_ready_o |-> ##1 priv_lvl_i[0]);
  * assert property (@(posedge clk_i) disable iff (!rst_ni)  lsu_ready_o |-> ##1 priv_lvl_i[1]);
  * assert property (@(posedge clk_i) disable iff (!rst_ni)  lsu_valid_i |-> ##1 dcache_wbuffer_empty_i);
  * assert property (@(posedge clk_i) disable iff (!rst_ni)  lsu_valid_i |-> ##1 debug_mode_i);
  * assert property (@(posedge clk_i) disable iff (!rst_ni)  lsu_valid_i |-> ##1 flu_ready_o);
  * assert property (@(posedge clk_i) disable iff (!rst_ni)  lsu_valid_i |-> ##1 fpu_ready_o);
  * assert property (@(posedge clk_i) disable iff (!rst_ni)  lsu_valid_i |-> ##1 ld_st_priv_lvl_i[0]);
  * assert property (@(posedge clk_i) disable iff (!rst_ni)  lsu_valid_i |-> ##1 ld_st_priv_lvl_i[1]);
  * assert property (@(posedge clk_i) disable iff (!rst_ni)  lsu_valid_i |-> ##1 lsu_commit_ready_o);
  * assert property (@(posedge clk_i) disable iff (!rst_ni)  lsu_valid_i |-> ##1 lsu_ready_o);
  * assert property (@(posedge clk_i) disable iff (!rst_ni)  lsu_valid_i |-> ##1 no_st_pending_o);
  * assert property (@(posedge clk_i) disable iff (!rst_ni)  lsu_valid_i |-> ##1 priv_lvl_i[0]);
  * assert property (@(posedge clk_i) disable iff (!rst_ni)  lsu_valid_i |-> ##1 priv_lvl_i[1]);
  * assert property (@(posedge clk_i) disable iff (!rst_ni)  mult_valid_i |-> ##1 dcache_wbuffer_empty_i);
  * assert property (@(posedge clk_i) disable iff (!rst_ni)  mult_valid_i |-> ##1 flu_valid_o);
  * assert property (@(posedge clk_i) disable iff (!rst_ni)  mult_valid_i |-> ##1 fpu_ready_o);
  * assert property (@(posedge clk_i) disable iff (!rst_ni)  mult_valid_i |-> ##1 i_mult.i_div.div_res_zero_q);
  * assert property (@(posedge clk_i) disable iff (!rst_ni)  mult_valid_i |-> ##1 i_mult.i_div.rem_sel_q);
  * assert property (@(posedge clk_i) disable iff (!rst_ni)  mult_valid_i |-> ##1 ld_st_priv_lvl_i[0]);
  * assert property (@(posedge clk_i) disable iff (!rst_ni)  mult_valid_i |-> ##1 ld_st_priv_lvl_i[1]);
  * assert property (@(posedge clk_i) disable iff (!rst_ni)  mult_valid_i |-> ##1 lsu_commit_ready_o);
  * assert property (@(posedge clk_i) disable iff (!rst_ni)  mult_valid_i |-> ##1 lsu_ready_o);
  * assert property (@(posedge clk_i) disable iff (!rst_ni)  mult_valid_i |-> ##1 no_st_pending_o);
  * assert property (@(posedge clk_i) disable iff (!rst_ni)  mult_valid_i |-> ##1 priv_lvl_i[0]);
  * assert property (@(posedge clk_i) disable iff (!rst_ni)  mult_valid_i |-> ##1 priv_lvl_i[1]);
  * assert property (@(posedge clk_i) disable iff (!rst_ni)  no_st_pending_o |-> ##1 fpu_ready_o);
  * assert property (@(posedge clk_i) disable iff (!rst_ni)  no_st_pending_o |-> ##1 ld_st_priv_lvl_i[0]);
  * assert property (@(posedge clk_i) disable iff (!rst_ni)  no_st_pending_o |-> ##1 ld_st_priv_lvl_i[1]);
  * assert property (@(posedge clk_i) disable iff (!rst_ni)  no_st_pending_o |-> ##1 lsu_ready_o);
  * assert property (@(posedge clk_i) disable iff (!rst_ni)  no_st_pending_o |-> ##1 priv_lvl_i[0]);
  * assert property (@(posedge clk_i) disable iff (!rst_ni)  no_st_pending_o |-> ##1 priv_lvl_i[1]);
  * assert property (@(posedge clk_i) disable iff (!rst_ni)  priv_lvl_i[0] |-> ##1 fpu_ready_o);
  * assert property (@(posedge clk_i) disable iff (!rst_ni)  priv_lvl_i[0] |-> ##1 ld_st_priv_lvl_i[0]);
  * assert property (@(posedge clk_i) disable iff (!rst_ni)  priv_lvl_i[0] |-> ##1 ld_st_priv_lvl_i[1]);
  * assert property (@(posedge clk_i) disable iff (!rst_ni)  priv_lvl_i[0] |-> ##1 lsu_commit_ready_o);
  * assert property (@(posedge clk_i) disable iff (!rst_ni)  priv_lvl_i[0] |-> ##1 lsu_ready_o);
  * assert property (@(posedge clk_i) disable iff (!rst_ni)  priv_lvl_i[0] |-> ##1 priv_lvl_i[0]);
  * assert property (@(posedge clk_i) disable iff (!rst_ni)  priv_lvl_i[0] |-> ##1 priv_lvl_i[1]);
  * assert property (@(posedge clk_i) disable iff (!rst_ni)  priv_lvl_i[1] |-> ##1 fpu_ready_o);
  * assert property (@(posedge clk_i) disable iff (!rst_ni)  priv_lvl_i[1] |-> ##1 ld_st_priv_lvl_i[0]);
  * assert property (@(posedge clk_i) disable iff (!rst_ni)  priv_lvl_i[1] |-> ##1 ld_st_priv_lvl_i[1]);
  * assert property (@(posedge clk_i) disable iff (!rst_ni)  priv_lvl_i[1] |-> ##1 lsu_commit_ready_o);
  * assert property (@(posedge clk_i) disable iff (!rst_ni)  priv_lvl_i[1] |-> ##1 lsu_ready_o);
  * assert property (@(posedge clk_i) disable iff (!rst_ni)  priv_lvl_i[1] |-> ##1 priv_lvl_i[0]);
  * assert property (@(posedge clk_i) disable iff (!rst_ni)  priv_lvl_i[1] |-> ##1 priv_lvl_i[1]);
  * assert property (@(posedge clk_i) disable iff (!rst_ni)  resolve_branch_o |-> ##1 dcache_wbuffer_empty_i);
  * assert property (@(posedge clk_i) disable iff (!rst_ni)  resolve_branch_o |-> ##1 flu_ready_o);
  * assert property (@(posedge clk_i) disable iff (!rst_ni)  resolve_branch_o |-> ##1 fpu_ready_o);
  * assert property (@(posedge clk_i) disable iff (!rst_ni)  resolve_branch_o |-> ##1 ld_st_priv_lvl_i[0]);
  * assert property (@(posedge clk_i) disable iff (!rst_ni)  resolve_branch_o |-> ##1 ld_st_priv_lvl_i[1]);
  * assert property (@(posedge clk_i) disable iff (!rst_ni)  resolve_branch_o |-> ##1 lsu_commit_ready_o);
  * assert property (@(posedge clk_i) disable iff (!rst_ni)  resolve_branch_o |-> ##1 lsu_ready_o);
  * assert property (@(posedge clk_i) disable iff (!rst_ni)  resolve_branch_o |-> ##1 no_st_pending_o);
  * assert property (@(posedge clk_i) disable iff (!rst_ni)  resolve_branch_o |-> ##1 priv_lvl_i[0]);
  * assert property (@(posedge clk_i) disable iff (!rst_ni)  resolve_branch_o |-> ##1 priv_lvl_i[1]);
  * assert property (@(posedge clk_i) disable iff (!rst_ni)  resolved_branch_o.is_mispredict |-> ##1 dcache_wbuffer_empty_i);
  * assert property (@(posedge clk_i) disable iff (!rst_ni)  resolved_branch_o.is_mispredict |-> ##1 flu_ready_o);
  * assert property (@(posedge clk_i) disable iff (!rst_ni)  resolved_branch_o.is_mispredict |-> ##1 fpu_ready_o);
  * assert property (@(posedge clk_i) disable iff (!rst_ni)  resolved_branch_o.is_mispredict |-> ##1 ld_st_priv_lvl_i[0]);
  * assert property (@(posedge clk_i) disable iff (!rst_ni)  resolved_branch_o.is_mispredict |-> ##1 ld_st_priv_lvl_i[1]);
  * assert property (@(posedge clk_i) disable iff (!rst_ni)  resolved_branch_o.is_mispredict |-> ##1 lsu_commit_ready_o);
  * assert property (@(posedge clk_i) disable iff (!rst_ni)  resolved_branch_o.is_mispredict |-> ##1 lsu_ready_o);
  * assert property (@(posedge clk_i) disable iff (!rst_ni)  resolved_branch_o.is_mispredict |-> ##1 no_st_pending_o);
  * assert property (@(posedge clk_i) disable iff (!rst_ni)  resolved_branch_o.is_mispredict |-> ##1 priv_lvl_i[0]);
  * assert property (@(posedge clk_i) disable iff (!rst_ni)  resolved_branch_o.is_mispredict |-> ##1 priv_lvl_i[1]);
  * assert property (@(posedge clk_i) disable iff (!rst_ni)  resolved_branch_o.is_taken |-> ##1 dcache_wbuffer_empty_i);
  * assert property (@(posedge clk_i) disable iff (!rst_ni)  resolved_branch_o.is_taken |-> ##1 flu_ready_o);
  * assert property (@(posedge clk_i) disable iff (!rst_ni)  resolved_branch_o.is_taken |-> ##1 fpu_ready_o);
  * assert property (@(posedge clk_i) disable iff (!rst_ni)  resolved_branch_o.is_taken |-> ##1 ld_st_priv_lvl_i[0]);
  * assert property (@(posedge clk_i) disable iff (!rst_ni)  resolved_branch_o.is_taken |-> ##1 ld_st_priv_lvl_i[1]);
  * assert property (@(posedge clk_i) disable iff (!rst_ni)  resolved_branch_o.is_taken |-> ##1 lsu_commit_ready_o);
  * assert property (@(posedge clk_i) disable iff (!rst_ni)  resolved_branch_o.is_taken |-> ##1 lsu_ready_o);
  * assert property (@(posedge clk_i) disable iff (!rst_ni)  resolved_branch_o.is_taken |-> ##1 no_st_pending_o);
  * assert property (@(posedge clk_i) disable iff (!rst_ni)  resolved_branch_o.is_taken |-> ##1 priv_lvl_i[0]);
  * assert property (@(posedge clk_i) disable iff (!rst_ni)  resolved_branch_o.is_taken |-> ##1 priv_lvl_i[1]);
  * assert property (@(posedge clk_i) disable iff (!rst_ni)  store_valid_o |-> ##1 dcache_wbuffer_empty_i);
  * assert property (@(posedge clk_i) disable iff (!rst_ni)  store_valid_o |-> ##1 debug_mode_i);
  * assert property (@(posedge clk_i) disable iff (!rst_ni)  store_valid_o |-> ##1 flu_ready_o);
  * assert property (@(posedge clk_i) disable iff (!rst_ni)  store_valid_o |-> ##1 fpu_ready_o);
  * assert property (@(posedge clk_i) disable iff (!rst_ni)  store_valid_o |-> ##1 ld_st_priv_lvl_i[0]);
  * assert property (@(posedge clk_i) disable iff (!rst_ni)  store_valid_o |-> ##1 ld_st_priv_lvl_i[1]);
  * assert property (@(posedge clk_i) disable iff (!rst_ni)  store_valid_o |-> ##1 lsu_commit_i);
  * assert property (@(posedge clk_i) disable iff (!rst_ni)  store_valid_o |-> ##1 lsu_commit_ready_o);
  * assert property (@(posedge clk_i) disable iff (!rst_ni)  store_valid_o |-> ##1 lsu_ready_o);
  * assert property (@(posedge clk_i) disable iff (!rst_ni)  store_valid_o |-> ##1 no_st_pending_o);
  * assert property (@(posedge clk_i) disable iff (!rst_ni)  store_valid_o |-> ##1 priv_lvl_i[0]);
  * assert property (@(posedge clk_i) disable iff (!rst_ni)  store_valid_o |-> ##1 priv_lvl_i[1]);

undetermined:

  * (none)

